<!DOCTYPE html PUBLIC "-//W3C//DTD XHTML 1.0 Transitional//EN" "http://www.w3.org/TR/xhtml1/DTD/xhtml1-transitional.dtd">
<html xmlns="http://www.w3.org/1999/xhtml"
><head
  ><meta http-equiv="Content-Type" content="text/html; charset=UTF-8"
     /><title
    > (Index)</title
    ><link href="ocean.css" rel="stylesheet" type="text/css" title="Ocean"
     /><script src="haddock-util.js" type="text/javascript"
    ></script
    ><script type="text/javascript"
    >//<![CDATA[
window.onload = function () {pageLoad();};
//]]>
</script
    ></head
  ><body
  ><div id="package-header"
    ><ul class="links" id="page-menu"
      ><li
	><a href=""
	  >Contents</a
	  ></li
	><li
	><a href=""
	  >Index</a
	  ></li
	></ul
      ><p class="caption" class="empty"
      >&nbsp;</p
      ></div
    ><div id="content"
    ><div id="index"
      ><p class="caption"
	>Index</p
	><table
	><tr
	  ><td class="src"
	    >---&gt;</td
	    ><td class="module"
	    ><a href=""
	      >Bug8</a
	      ></td
	    ></tr
	  ><tr
	  ><td class="src"
	    >--&gt;</td
	    ><td class="module"
	    ><a href=""
	      >Bug8</a
	      ></td
	    ></tr
	  ><tr
	  ><td class="src"
	    >:+:</td
	    ><td class="module"
	    ><a href=""
	      >TypeOperators</a
	      ></td
	    ></tr
	  ><tr
	  ><td class="src"
	    >:-</td
	    ><td class="module"
	    ><a href=""
	      >Ticket75</a
	      ></td
	    ></tr
	  ><tr
	  ><td class="src"
	    >:-:</td
	    ><td class="module"
	    ><a href=""
	      >TypeOperators</a
	      ></td
	    ></tr
	  ><tr
	  ><td class="src"
	    >&gt;&gt;</td
	    ><td class="module"
	    ><a href=""
	      >CrossPackageDocs</a
	      ></td
	    ></tr
	  ><tr
	  ><td class="src"
	    >&gt;&gt;=</td
	    ><td class="module"
	    ><a href=""
	      >CrossPackageDocs</a
	      ></td
	    ></tr
	  ><tr
	  ><td class="src"
	    >A</td
	    ><td
	    >&nbsp;</td
	    ></tr
	  ><tr
	  ><td class="alt"
	    >1 (Data Constructor)</td
	    ><td class="module"
	    ><a href=""
	      >Test</a
	      ></td
	    ></tr
	  ><tr
	  ><td class="alt"
	    >2 (Type/Class)</td
	    ><td class="module"
	    ><a href=""
	      >A</a
	      >, B</td
	    ></tr
	  ><tr
	  ><td class="alt"
	    >3 (Data Constructor)</td
	    ><td class="module"
	    ><a href=""
	      >A</a
	      >, B</td
	    ></tr
	  ><tr
	  ><td class="alt"
	    >4 (Type/Class)</td
	    ><td class="module"
	    ><a href=""
	      >Bugs</a
	      ></td
	    ></tr
	  ><tr
	  ><td class="alt"
	    >5 (Data Constructor)</td
	    ><td class="module"
	    ><a href=""
	      >Bugs</a
	      ></td
	    ></tr
	  ><tr
	  ><td class="alt"
	    >6 (Type/Class)</td
	    ><td class="module"
	    ><a href=""
	      >TypeFamilies</a
	      ></td
	    ></tr
	  ><tr
	  ><td class="alt"
	    >7 (Type/Class)</td
	    ><td class="module"
	    ><a href=""
	      >Bug6</a
	      ></td
	    ></tr
	  ><tr
	  ><td class="alt"
	    >8 (Data Constructor)</td
	    ><td class="module"
	    ><a href=""
	      >Bug6</a
	      ></td
	    ></tr
	  ><tr
	  ><td class="src"
	    >a</td
	    ><td class="module"
	    ><a href=""
	      >Test</a
	      ></td
	    ></tr
	  ><tr
	  ><td class="src"
	    >A1</td
	    ><td class="module"
	    ><a href=""
	      >Test</a
	      ></td
	    ></tr
	  ><tr
	  ><td class="src"
	    >A2</td
	    ><td class="module"
	    ><a href=""
	      >Test</a
	      ></td
	    ></tr
	  ><tr
	  ><td class="src"
	    >A3</td
	    ><td class="module"
	    ><a href=""
	      >Test</a
	      ></td
	    ></tr
	  ><tr
	  ><td class="src"
	    >A4</td
	    ><td class="module"
	    ><a href=""
	      >Test</a
	      ></td
	    ></tr
	  ><tr
	  ><td class="src"
	    >AddOp</td
	    ><td class="module"
	    ><a href=""
	      >QuasiExpr</a
	      ></td
	    ></tr
	  ><tr
	  ><td class="src"
	    >AntiExpr</td
	    ><td class="module"
	    ><a href=""
	      >QuasiExpr</a
	      ></td
	    ></tr
	  ><tr
	  ><td class="src"
	    >AntiIntExpr</td
	    ><td class="module"
	    ><a href=""
	      >QuasiExpr</a
	      ></td
	    ></tr
	  ><tr
	  ><td class="src"
	    >B</td
	    ><td
	    >&nbsp;</td
	    ></tr
	  ><tr
	  ><td class="alt"
	    >1 (Data Constructor)</td
	    ><td class="module"
	    ><a href=""
	      >Test</a
	      ></td
	    ></tr
	  ><tr
	  ><td class="alt"
	    >2 (Type/Class)</td
	    ><td class="module"
	    ><a href=""
	      >TypeFamilies</a
	      ></td
	    ></tr
	  ><tr
	  ><td class="alt"
	    >3 (Type/Class)</td
	    ><td class="module"
	    ><a href=""
	      >Bug6</a
	      ></td
	    ></tr
	  ><tr
	  ><td class="alt"
	    >4 (Data Constructor)</td
	    ><td class="module"
	    ><a href=""
	      >Bug6</a
	      ></td
	    ></tr
	  ><tr
	  ><td class="src"
	    >b</td
	    ><td
	    >&nbsp;</td
	    ></tr
	  ><tr
	  ><td class="alt"
	    >1 (Function)</td
	    ><td class="module"
	    ><a href=""
	      >Test</a
	      ></td
	    ></tr
	  ><tr
	  ><td class="alt"
	    >2 (Function)</td
	    ><td class="module"
	    ><a href=""
	      >Bug6</a
	      ></td
	    ></tr
	  ><tr
	  ><td class="src"
	    >B1</td
	    ><td class="module"
	    ><a href=""
	      >Test</a
	      ></td
	    ></tr
	  ><tr
	  ><td class="src"
	    >B2</td
	    ><td class="module"
	    ><a href=""
	      >Test</a
	      ></td
	    ></tr
	  ><tr
	  ><td class="src"
	    >B3</td
	    ><td class="module"
	    ><a href=""
	      >Test</a
	      ></td
	    ></tr
	  ><tr
	  ><td class="src"
	    >B4</td
	    ><td class="module"
	    ><a href=""
	      >Test</a
	      ></td
	    ></tr
	  ><tr
	  ><td class="src"
	    >Bar</td
	    ><td class="module"
	    ><a href=""
	      >Bug7</a
	      ></td
	    ></tr
	  ><tr
	  ><td class="src"
	    >BinOp</td
	    ><td class="module"
	    ><a href=""
	      >QuasiExpr</a
	      ></td
	    ></tr
	  ><tr
	  ><td class="src"
	    >BinopExpr</td
	    ><td class="module"
	    ><a href=""
	      >QuasiExpr</a
	      ></td
	    ></tr
	  ><tr
	  ><td class="src"
	    >biO</td
	    ><td class="module"
	    ><a href=""
	      >TypeOperators</a
	      ></td
	    ></tr
	  ><tr
	  ><td class="src"
	    >C</td
	    ><td
	    >&nbsp;</td
	    ></tr
	  ><tr
	  ><td class="alt"
	    >1 (Type/Class)</td
	    ><td class="module"
	    ><a href=""
	      >Test</a
	      ></td
	    ></tr
	  ><tr
	  ><td class="alt"
	    >2 (Type/Class)</td
	    ><td class="module"
	    ><a href=""
	      >Ticket61</a
	      ></td
	    ></tr
	  ><tr
	  ><td class="alt"
	    >3 (Type/Class)</td
	    ><td class="module"
	    ><a href=""
	      >Bug6</a
	      ></td
	    ></tr
	  ><tr
	  ><td class="alt"
	    >4 (Data Constructor)</td
	    ><td class="module"
	    ><a href=""
	      >Bug6</a
	      ></td
	    ></tr
	  ><tr
	  ><td class="src"
	    >C1</td
	    ><td
	    >&nbsp;</td
	    ></tr
	  ><tr
	  ><td class="alt"
	    >1 (Data Constructor)</td
	    ><td class="module"
	    ><a href=""
	      >Test</a
	      ></td
	    ></tr
	  ><tr
	  ><td class="alt"
	    >2 (Data Constructor)</td
	    ><td class="module"
	    ><a href=""
	      >GADTRecords</a
	      ></td
	    ></tr
	  ><tr
	  ><td class="src"
	    >c1</td
	    ><td class="module"
	    ><a href=""
	      >Bug6</a
	      ></td
	    ></tr
	  ><tr
	  ><td class="src"
	    >C2</td
	    ><td
	    >&nbsp;</td
	    ></tr
	  ><tr
	  ><td class="alt"
	    >1 (Data Constructor)</td
	    ><td class="module"
	    ><a href=""
	      >Test</a
	      ></td
	    ></tr
	  ><tr
	  ><td class="alt"
	    >2 (Data Constructor)</td
	    ><td class="module"
	    ><a href=""
	      >GADTRecords</a
	      ></td
	    ></tr
	  ><tr
	  ><td class="src"
	    >c2</td
	    ><td class="module"
	    ><a href=""
	      >Bug6</a
	      ></td
	    ></tr
	  ><tr
	  ><td class="src"
	    >C3</td
	    ><td
	    >&nbsp;</td
	    ></tr
	  ><tr
	  ><td class="alt"
	    >1 (Data Constructor)</td
	    ><td class="module"
	    ><a href=""
	      >Test</a
	      ></td
	    ></tr
	  ><tr
	  ><td class="alt"
	    >2 (Data Constructor)</td
	    ><td class="module"
	    ><a href=""
	      >GADTRecords</a
	      ></td
	    ></tr
	  ><tr
	  ><td class="src"
	    >C4</td
	    ><td
	    >&nbsp;</td
	    ></tr
	  ><tr
	  ><td class="alt"
	    >1 (Data Constructor)</td
	    ><td class="module"
	    ><a href=""
	      >Test</a
	      ></td
	    ></tr
	  ><tr
	  ><td class="alt"
	    >2 (Data Constructor)</td
	    ><td class="module"
	    ><a href=""
	      >GADTRecords</a
	      ></td
	    ></tr
	  ><tr
	  ><td class="src"
	    >Con</td
	    ><td class="module"
	    >TypeFamilies</td
	    ></tr
	  ><tr
	  ><td class="src"
	    >D</td
	    ><td
	    >&nbsp;</td
	    ></tr
	  ><tr
	  ><td class="alt"
	    >1 (Type/Class)</td
	    ><td class="module"
	    ><a href=""
	      >Test</a
	      ></td
	    ></tr
	  ><tr
	  ><td class="alt"
	    >2 (Type/Class)</td
	    ><td class="module"
	    ><a href=""
	      >Bug6</a
	      ></td
	    ></tr
	  ><tr
	  ><td class="alt"
	    >3 (Data Constructor)</td
	    ><td class="module"
	    ><a href=""
	      >Bug6</a
	      ></td
	    ></tr
	  ><tr
	  ><td class="src"
	    >d</td
	    ><td class="module"
	    ><a href=""
	      >Test</a
	      ></td
	    ></tr
	  ><tr
	  ><td class="src"
	    >d1</td
	    ><td class="module"
	    ><a href=""
	      >Bug6</a
	      ></td
	    ></tr
	  ><tr
	  ><td class="src"
	    >decl</td
	    ><td class="module"
	    ><a href=""
	      >TH</a
	      ></td
	    ></tr
	  ><tr
	  ><td class="src"
	    >DivOp</td
	    ><td class="module"
	    ><a href=""
	      >QuasiExpr</a
	      ></td
	    ></tr
	  ><tr
	  ><td class="src"
	    >E</td
	    ><td
	    >&nbsp;</td
	    ></tr
	  ><tr
	  ><td class="alt"
	    >1 (Type/Class)</td
	    ><td class="module"
	    ><a href=""
	      >Test</a
	      ></td
	    ></tr
	  ><tr
	  ><td class="alt"
	    >2 (Type/Class)</td
	    ><td class="module"
	    ><a href=""
	      >Bug6</a
	      ></td
	    ></tr
	  ><tr
	  ><td class="alt"
	    >3 (Data Constructor)</td
	    ><td class="module"
	    ><a href=""
	      >Bug6</a
	      ></td
	    ></tr
	  ><tr
	  ><td class="src"
	    >e</td
	    ><td class="module"
	    ><a href=""
	      >Test</a
	      ></td
	    ></tr
	  ><tr
	  ><td class="src"
	    >eval</td
	    ><td class="module"
	    ><a href=""
	      >QuasiExpr</a
	      ></td
	    ></tr
	  ><tr
	  ><td class="src"
	    >Ex</td
	    ><td class="module"
	    ><a href=""
	      >Test</a
	      ></td
	    ></tr
	  ><tr
	  ><td class="src"
	    >Ex1</td
	    ><td class="module"
	    ><a href=""
	      >Test</a
	      ></td
	    ></tr
	  ><tr
	  ><td class="src"
	    >Ex2</td
	    ><td class="module"
	    ><a href=""
	      >Test</a
	      ></td
	    ></tr
	  ><tr
	  ><td class="src"
	    >Ex3</td
	    ><td class="module"
	    ><a href=""
	      >Test</a
	      ></td
	    ></tr
	  ><tr
	  ><td class="src"
	    >Ex4</td
	    ><td class="module"
	    ><a href=""
	      >Test</a
	      ></td
	    ></tr
	  ><tr
	  ><td class="src"
	    >Expr</td
	    ><td class="module"
	    ><a href=""
	      >QuasiExpr</a
	      ></td
	    ></tr
	  ><tr
	  ><td class="src"
	    >expr</td
	    ><td class="module"
	    ><a href=""
	      >QuasiExpr</a
	      ></td
	    ></tr
	  ><tr
	  ><td class="src"
	    >F</td
	    ><td
	    >&nbsp;</td
	    ></tr
	  ><tr
	  ><td class="alt"
	    >1 (Type/Class)</td
	    ><td class="module"
	    ><a href=""
	      >Test</a
	      ></td
	    ></tr
	  ><tr
	  ><td class="alt"
	    >2 (Type/Class)</td
	    ><td class="module"
	    ><a href=""
	      >TypeFamilies</a
	      ></td
	    ></tr
	  ><tr
	  ><td class="src"
	    >f</td
	    ><td
	    >&nbsp;</td
	    ></tr
	  ><tr
	  ><td class="alt"
	    >1 (Function)</td
	    ><td class="module"
	    ><a href=""
	      >TH2</a
	      ></td
	    ></tr
	  ><tr
	  ><td class="alt"
	    >2 (Function)</td
	    ><td class="module"
	    ><a href=""
	      >Test</a
	      ></td
	    ></tr
	  ><tr
	  ><td class="alt"
	    >3 (Function)</td
	    ><td class="module"
	    ><a href=""
	      >Ticket75</a
	      ></td
	    ></tr
	  ><tr
	  ><td class="alt"
	    >4 (Function)</td
	    ><td class="module"
	    ><a href=""
	      >NonGreedy</a
	      ></td
	    ></tr
	  ><tr
	  ><td class="alt"
	    >5 (Function)</td
	    ><td class="module"
	    ><a href=""
	      >Ticket61</a
	      ></td
	    ></tr
	  ><tr
	  ><td class="alt"
	    >6 (Function)</td
	    ><td class="module"
	    ><a href=""
	      >Ticket112</a
	      ></td
	    ></tr
	  ><tr
	  ><td class="alt"
	    >7 (Function)</td
	    ><td class="module"
	    ><a href=""
	      >FunArgs</a
	      ></td
	    ></tr
	  ><tr
	  ><td class="alt"
	    >8 (Function)</td
	    ><td class="module"
	    ><a href=""
	      >TypeFamilies</a
	      ></td
	    ></tr
	  ><tr
	  ><td class="src"
	    >f'</td
	    ><td class="module"
	    ><a href=""
	      >Test</a
	      ></td
	    ></tr
	  ><tr
	  ><td class="src"
	    >fail</td
	    ><td class="module"
	    ><a href=""
	      >CrossPackageDocs</a
	      ></td
	    ></tr
	  ><tr
	  ><td class="src"
	    >ff</td
	    ><td class="module"
	    ><a href=""
	      >Test</a
	      ></td
	    ></tr
	  ><tr
	  ><td class="src"
	    >fib</td
	    ><td class="module"
	    ><a href=""
	      >Examples</a
	      ></td
	    ></tr
	  ><tr
	  ><td class="src"
	    >field</td
	    ><td class="module"
	    ><a href=""
	      >GADTRecords</a
	      ></td
	    ></tr
	  ><tr
	  ><td class="src"
	    >field2</td
	    ><td class="module"
	    ><a href=""
	      >GADTRecords</a
	      ></td
	    ></tr
	  ><tr
	  ><td class="src"
	    >Flip</td
	    ><td
	    >&nbsp;</td
	    ></tr
	  ><tr
	  ><td class="alt"
	    >1 (Type/Class)</td
	    ><td class="module"
	    ><a href=""
	      >TypeOperators</a
	      ></td
	    ></tr
	  ><tr
	  ><td class="alt"
	    >2 (Data Constructor)</td
	    ><td class="module"
	    ><a href=""
	      >TypeOperators</a
	      ></td
	    ></tr
	  ><tr
	  ><td class="src"
	    >Foo</td
	    ><td
	    >&nbsp;</td
	    ></tr
	  ><tr
	  ><td class="alt"
	    >1 (Type/Class)</td
	    ><td class="module"
	    ><a href=""
	      >Bug7</a
	      ></td
	    ></tr
	  ><tr
	  ><td class="alt"
	    >2 (Data Constructor)</td
	    ><td class="module"
	    ><a href=""
	      >Bug7</a
	      ></td
	    ></tr
	  ><tr
	  ><td class="src"
	    >foo</td
	    ><td
	    >&nbsp;</td
	    ></tr
	  ><tr
	  ><td class="alt"
	    >1 (Function)</td
	    ><td class="module"
	    ><a href=""
	      >Bug3</a
	      ></td
	    ></tr
	  ><tr
	  ><td class="alt"
	    >2 (Function)</td
	    ><td class="module"
	    ><a href=""
	      >Bug4</a
	      ></td
	    ></tr
	  ><tr
	  ><td class="src"
	    >G</td
	    ><td class="module"
	    ><a href=""
	      >TypeFamilies</a
	      ></td
	    ></tr
	  ><tr
	  ><td class="src"
	    >g</td
	    ><td
	    >&nbsp;</td
	    ></tr
	  ><tr
	  ><td class="alt"
	    >1 (Function)</td
	    ><td class="module"
	    ><a href=""
	      >Test</a
	      ></td
	    ></tr
	  ><tr
	  ><td class="alt"
	    >2 (Function)</td
	    ><td class="module"
	    ><a href=""
	      >FunArgs</a
	      ></td
	    ></tr
	  ><tr
	  ><td class="alt"
	    >3 (Function)</td
	    ><td class="module"
	    ><a href=""
	      >NoLayout</a
	      ></td
	    ></tr
	  ><tr
	  ><td class="alt"
	    >4 (Function)</td
	    ><td class="module"
	    ><a href=""
	      >TypeFamilies</a
	      ></td
	    ></tr
	  ><tr
	  ><td class="src"
	    >H1</td
	    ><td class="module"
	    ><a href=""
	      >GADTRecords</a
	      ></td
	    ></tr
	  ><tr
	  ><td class="src"
	    >Hash</td
	    ><td class="module"
	    ><a href=""
	      >Hash</a
	      ></td
	    ></tr
	  ><tr
	  ><td class="src"
	    >hash</td
	    ><td class="module"
	    ><a href=""
	      >Hash</a
	      ></td
	    ></tr
	  ><tr
	  ><td class="src"
	    >HashTable</td
	    ><td class="module"
	    ><a href=""
	      >Hash</a
	      ></td
	    ></tr
	  ><tr
	  ><td class="src"
	    >hidden</td
	    ><td class="module"
	    ><a href=""
	      >Test</a
	      ></td
	    ></tr
	  ><tr
	  ><td class="src"
	    >insert</td
	    ><td class="module"
	    ><a href=""
	      >Hash</a
	      ></td
	    ></tr
	  ><tr
	  ><td class="src"
	    >IntExpr</td
	    ><td class="module"
	    ><a href=""
	      >QuasiExpr</a
	      ></td
	    ></tr
	  ><tr
	  ><td class="src"
	    >k</td
	    ><td class="module"
	    ><a href=""
	      >Test</a
	      ></td
	    ></tr
	  ><tr
	  ><td class="src"
	    >l</td
	    ><td class="module"
	    ><a href=""
	      >Test</a
	      ></td
	    ></tr
	  ><tr
	  ><td class="src"
	    >lookup</td
	    ><td class="module"
	    ><a href=""
	      >Hash</a
	      ></td
	    ></tr
	  ><tr
	  ><td class="src"
	    >m</td
	    ><td class="module"
	    ><a href=""
	      >Test</a
	      ></td
	    ></tr
	  ><tr
	  ><td class="src"
	    >main</td
	    ><td class="module"
	    ><a href=""
	      >Bug8</a
	      ></td
	    ></tr
	  ><tr
	  ><td class="src"
	    >map</td
	    ><td class="module"
	    ><a href=""
	      >CrossPackageDocs</a
	      ></td
	    ></tr
	  ><tr
	  ><td class="src"
	    >Monad</td
	    ><td class="module"
	    ><a href=""
	      >CrossPackageDocs</a
	      ></td
	    ></tr
	  ><tr
	  ><td class="src"
	    >MulOp</td
	    ><td class="module"
	    ><a href=""
	      >QuasiExpr</a
	      ></td
	    ></tr
	  ><tr
	  ><td class="src"
	    >n</td
	    ><td class="module"
	    ><a href=""
	      >Test</a
	      ></td
	    ></tr
	  ><tr
	  ><td class="src"
	    >N1</td
	    ><td
	    >&nbsp;</td
	    ></tr
	  ><tr
	  ><td class="alt"
	    >1 (Type/Class)</td
	    ><td class="module"
	    ><a href=""
	      >Test</a
	      ></td
	    ></tr
	  ><tr
	  ><td class="alt"
	    >2 (Data Constructor)</td
	    ><td class="module"
	    ><a href=""
	      >Test</a
	      ></td
	    ></tr
	  ><tr
	  ><td class="src"
	    >N2</td
	    ><td
	    >&nbsp;</td
	    ></tr
	  ><tr
	  ><td class="alt"
	    >1 (Type/Class)</td
	    ><td class="module"
	    ><a href=""
	      >Test</a
	      ></td
	    ></tr
	  ><tr
	  ><td class="alt"
	    >2 (Data Constructor)</td
	    ><td class="module"
	    ><a href=""
	      >Test</a
	      ></td
	    ></tr
	  ><tr
	  ><td class="src"
	    >N3</td
	    ><td
	    >&nbsp;</td
	    ></tr
	  ><tr
	  ><td class="alt"
	    >1 (Type/Class)</td
	    ><td class="module"
	    ><a href=""
	      >Test</a
	      ></td
	    ></tr
	  ><tr
	  ><td class="alt"
	    >2 (Data Constructor)</td
	    ><td class="module"
	    ><a href=""
	      >Test</a
	      ></td
	    ></tr
	  ><tr
	  ><td class="src"
	    >n3</td
	    ><td class="module"
	    ><a href=""
	      >Test</a
	      ></td
	    ></tr
	  ><tr
	  ><td class="src"
	    >N4</td
	    ><td class="module"
	    ><a href=""
	      >Test</a
	      ></td
	    ></tr
	  ><tr
	  ><td class="src"
	    >N5</td
	    ><td
	    >&nbsp;</td
	    ></tr
	  ><tr
	  ><td class="alt"
	    >1 (Type/Class)</td
	    ><td class="module"
	    ><a href=""
	      >Test</a
	      ></td
	    ></tr
	  ><tr
	  ><td class="alt"
	    >2 (Data Constructor)</td
	    ><td class="module"
	    ><a href=""
	      >Test</a
	      ></td
	    ></tr
	  ><tr
	  ><td class="src"
	    >n5</td
	    ><td class="module"
	    ><a href=""
	      >Test</a
	      ></td
	    ></tr
	  ><tr
	  ><td class="src"
	    >N6</td
	    ><td
	    >&nbsp;</td
	    ></tr
	  ><tr
	  ><td class="alt"
	    >1 (Type/Class)</td
	    ><td class="module"
	    ><a href=""
	      >Test</a
	      ></td
	    ></tr
	  ><tr
	  ><td class="alt"
	    >2 (Data Constructor)</td
	    ><td class="module"
	    ><a href=""
	      >Test</a
	      ></td
	    ></tr
	  ><tr
	  ><td class="src"
	    >n6</td
	    ><td class="module"
	    ><a href=""
	      >Test</a
	      ></td
	    ></tr
	  ><tr
	  ><td class="src"
	    >N7</td
	    ><td
	    >&nbsp;</td
	    ></tr
	  ><tr
	  ><td class="alt"
	    >1 (Type/Class)</td
	    ><td class="module"
	    ><a href=""
	      >Test</a
	      ></td
	    ></tr
	  ><tr
	  ><td class="alt"
	    >2 (Data Constructor)</td
	    ><td class="module"
	    ><a href=""
	      >Test</a
	      ></td
	    ></tr
	  ><tr
	  ><td class="src"
	    >n7</td
	    ><td class="module"
	    ><a href=""
	      >Test</a
	      ></td
	    ></tr
	  ><tr
	  ><td class="src"
	    >new</td
	    ><td class="module"
	    ><a href=""
	      >Hash</a
	      ></td
	    ></tr
	  ><tr
	  ><td class="src"
	    >O</td
	    ><td
	    >&nbsp;</td
	    ></tr
	  ><tr
	  ><td class="alt"
	    >1 (Type/Class)</td
	    ><td class="module"
	    ><a href=""
	      >TypeOperators</a
	      ></td
	    ></tr
	  ><tr
	  ><td class="alt"
	    >2 (Data Constructor)</td
	    ><td class="module"
	    ><a href=""
	      >TypeOperators</a
	      ></td
	    ></tr
	  ><tr
	  ><td class="src"
	    >o</td
	    ><td class="module"
	    ><a href=""
	      >Test</a
	      ></td
	    ></tr
	  ><tr
	  ><td class="src"
	    >Op</td
	    ><td class="module"
	    ><a href=""
	      >TypeOperators</a
	      ></td
	    ></tr
	  ><tr
	  ><td class="src"
	    >other</td
	    ><td class="module"
	    ><a href=""
	      >A</a
	      ></td
	    ></tr
	  ><tr
	  ><td class="src"
	    >p</td
	    ><td class="module"
	    ><a href=""
	      >Test</a
	      ></td
	    ></tr
	  ><tr
	  ><td class="src"
	    >parseExprExp</td
	    ><td class="module"
	    ><a href=""
	      >QuasiExpr</a
	      ></td
	    ></tr
	  ><tr
	  ><td class="src"
	    >Q</td
	    ><td class="module"
	    ><a href=""
	      >Ticket75</a
	      ></td
	    ></tr
	  ><tr
	  ><td class="src"
	    >q</td
	    ><td class="module"
	    ><a href=""
	      >Test</a
	      ></td
	    ></tr
	  ><tr
	  ><td class="src"
	    >R</td
	    ><td class="module"
	    ><a href=""
	      >Test</a
	      ></td
	    ></tr
	  ><tr
	  ><td class="src"
	    >r</td
	    ><td class="module"
	    ><a href=""
	      >Test</a
	      ></td
	    ></tr
	  ><tr
	  ><td class="src"
	    >R1</td
	    ><td class="module"
	    ><a href=""
	      >Test</a
	      ></td
	    ></tr
	  ><tr
	  ><td class="src"
	    >return</td
	    ><td class="module"
	    ><a href=""
	      >CrossPackageDocs</a
	      ></td
	    ></tr
	  ><tr
	  ><td class="src"
	    >runInteractiveProcess</td
	    ><td class="module"
	    ><a href=""
	      >CrossPackageDocs</a
	      ></td
	    ></tr
	  ><tr
	  ><td class="src"
	    >s</td
	    ><td
	    >&nbsp;</td
	    ></tr
	  ><tr
	  ><td class="alt"
	    >1 (Function)</td
	    ><td class="module"
	    ><a href=""
	      >Test</a
	      ></td
	    ></tr
	  ><tr
	  ><td class="alt"
	    >2 (Function)</td
	    ><td class="module"
	    ><a href=""
	      >Bug8</a
	      ></td
	    ></tr
	  ><tr
	  ><td class="src"
	    >s1</td
	    ><td class="module"
	    ><a href=""
	      >Test</a
	      ></td
	    ></tr
	  ><tr
	  ><td class="src"
	    >s2</td
	    ><td class="module"
	    ><a href=""
	      >Test</a
	      ></td
	    ></tr
	  ><tr
	  ><td class="src"
	    >s3</td
	    ><td class="module"
	    ><a href=""
	      >Test</a
	      ></td
	    ></tr
	  ><tr
	  ><td class="src"
	    >SubOp</td
	    ><td class="module"
	    ><a href=""
	      >QuasiExpr</a
	      ></td
	    ></tr
	  ><tr
	  ><td class="src"
	    >T</td
	    ><td
	    >&nbsp;</td
	    ></tr
	  ><tr
	  ><td class="alt"
	    >1 (Type/Class)</td
	    ><td class="module"
	    ><a href=""
	      >Test</a
	      ></td
	    ></tr
	  ><tr
	  ><td class="alt"
	    >2 (Type/Class)</td
	    ><td class="module"
	    ><a href=""
	      >Bug1</a
	      ></td
	    ></tr
	  ><tr
	  ><td class="alt"
	    >3 (Data Constructor)</td
	    ><td class="module"
	    ><a href=""
	      >Bug1</a
	      ></td
	    ></tr
	  ><tr
	  ><td class="src"
	    >t</td
	    ><td
	    >&nbsp;</td
	    ></tr
	  ><tr
	  ><td class="alt"
	    >1 (Function)</td
	    ><td class="module"
	    ><a href=""
	      >Test</a
	      ></td
	    ></tr
	  ><tr
	  ><td class="alt"
	    >2 (Function)</td
	    ><td class="module"
	    ><a href=""
	      >Bug8</a
	      ></td
	    ></tr
	  ><tr
	  ><td class="src"
	    >T2</td
	    ><td class="module"
	    ><a href=""
	      >Test</a
	      ></td
	    ></tr
	  ><tr
	  ><td class="src"
	    >T3</td
	    ><td class="module"
	    ><a href=""
	      >Test</a
	      ></td
	    ></tr
	  ><tr
	  ><td class="src"
	    >T4</td
	    ><td class="module"
	    ><a href=""
	      >Test</a
	      ></td
	    ></tr
	  ><tr
	  ><td class="src"
	    >T5</td
	    ><td class="module"
	    ><a href=""
	      >Test</a
	      ></td
	    ></tr
	  ><tr
	  ><td class="src"
	    >T6</td
	    ><td class="module"
	    ><a href=""
	      >Test</a
	      ></td
	    ></tr
	  ><tr
	  ><td class="src"
	    >test</td
	    ><td class="module"
	    ><a href=""
	      >B</a
	      ></td
	    ></tr
	  ><tr
	  ><td class="src"
	    >test2</td
	    ><td class="module"
	    ><a href=""
	      >A</a
	      >, B</td
	    ></tr
	  ><tr
	  ><td class="src"
	    >TFree</td
	    ><td class="module"
	    ><a href=""
	      >Bug8</a
	      ></td
	    ></tr
	  ><tr
	  ><td class="src"
	    >Typ</td
	    ><td class="module"
	    ><a href=""
	      >Bug8</a
	      ></td
	    ></tr
	  ><tr
	  ><td class="src"
	    >Type</td
	    ><td class="module"
	    ><a href=""
	      >Bug8</a
	      ></td
	    ></tr
	  ><tr
	  ><td class="src"
	    >u</td
	    ><td class="module"
	    ><a href=""
	      >Test</a
	      ></td
	    ></tr
	  ><tr
	  ><td class="src"
	    >unFlip</td
	    ><td class="module"
	    ><a href=""
	      >TypeOperators</a
	      ></td
	    ></tr
	  ><tr
	  ><td class="src"
	    >unO</td
	    ><td class="module"
	    ><a href=""
	      >TypeOperators</a
	      ></td
	    ></tr
	  ><tr
	  ><td class="src"
	    >v</td
	    ><td class="module"
	    ><a href=""
	      >Test</a
	      ></td
	    ></tr
	  ><tr
	  ><td class="src"
	    >val</td
	    ><td class="module"
	    ><a href=""
	      >QuasiQuote</a
	      ></td
	    ></tr
	  ><tr
	  ><td class="src"
	    >visible</td
	    ><td class="module"
	    ><a href=""
	      >Visible</a
	      >, Test</td
	    ></tr
	  ><tr
	  ><td class="src"
	    >withoutType</td
	    ><td class="module"
	    ><a href=""
	      >Test</a
	      ></td
	    ></tr
	  ><tr
	  ><td class="src"
	    >withType</td
	    ><td class="module"
	    ><a href=""
	      >Test</a
	      ></td
	    ></tr
	  ><tr
	  ><td class="src"
	    >x</td
	    ><td
	    >&nbsp;</td
	    ></tr
	  ><tr
	  ><td class="alt"
	    >1 (Function)</td
	    ><td class="module"
	    ><a href=""
	      >Bug2</a
	      ></td
	    ></tr
	  ><tr
	  ><td class="alt"
	    >2 (Function)</td
	    ><td class="module"
	    ><a href=""
	      >Unicode</a
	      ></td
	    ></tr
	  ></table
	></div
      ></div
    ><div id="footer"
    ><p
      >Produced by <a href=""
	>Haddock</a
	> version 2.10.0</p
      ></div
    ></body
  ></html
>
