<!DOCTYPE html PUBLIC "-//W3C//DTD XHTML 1.0 Transitional//EN" "http://www.w3.org/TR/xhtml1/DTD/xhtml1-transitional.dtd"><html xmlns="http://www.w3.org/1999/xhtml"><head><meta http-equiv="Content-Type" content="text/html; charset=UTF-8" /><title>A</title><link href="ocean.css" rel="stylesheet" type="text/css" title="Ocean" /><script src="haddock-util.js" type="text/javascript"></script><script type="text/javascript">//<![CDATA[
window.onload = function () {pageLoad();setSynopsis("mini_A.html");};
//]]>
</script></head><body><div id="package-header"><ul class="links" id="page-menu"><li><A HREF="">Contents</a></li><li><A HREF="">Index</a></li></ul><p class="caption" class="empty">&nbsp;</p></div><div id="content"><div id="module-header"><p class="caption">A</p></div><div id="interface"><h1>Documentation</h1><div class="top"><p class="src"><span class="keyword">data</span>  <a name="t:A" class="def">A</a>  </p><div class="subs constructors"><p class="caption">Constructors</p><table><tr><td class="src"><a name="v:A" class="def">A</a></td><td class="doc empty">&nbsp;</td></tr></table></div></div></div></div><div id="footer"><p>Produced by <A HREF="">Haddock</a> version 2.7.2</p></div></body></html>