<!DOCTYPE HTML PUBLIC "-//W3C//DTD HTML 4.01 Transitional//EN" "http://www.w3.org/TR/html4/loose.dtd">
<!--Rendered using the Haskell Html Library v0.2-->
<HTML
><HEAD
><META HTTP-EQUIV="Content-Type" CONTENT="text/html; charset=UTF-8"
><TITLE
>Test</TITLE
><LINK HREF="haddock.css" REL="stylesheet" TYPE="text/css"
><SCRIPT SRC="haddock-util.js" TYPE="text/javascript"
></SCRIPT
><SCRIPT TYPE="text/javascript"
>window.onload = function () {setSynopsis("mini_Test.html")};</SCRIPT
></HEAD
><BODY
><TABLE CLASS="vanilla" CELLSPACING="0" CELLPADDING="0"
><TR
><TD CLASS="topbar"
><TABLE CLASS="vanilla" CELLSPACING="0" CELLPADDING="0"
><TR
><TD
><IMG SRC="haskell_icon.gif" WIDTH="16" HEIGHT="16" ALT=" "
></TD
><TD CLASS="title"
></TD
><TD CLASS="topbut"
><A HREF="">Contents</A
></TD
><TD CLASS="topbut"
><A HREF="">Index</A
></TD
></TR
></TABLE
></TD
></TR
><TR
><TD CLASS="modulebar"
><TABLE CLASS="vanilla" CELLSPACING="0" CELLPADDING="0"
><TR
><TD
><FONT SIZE="6"
>Test</FONT
></TD
><TD ALIGN="right"
><TABLE CLASS="narrow" CELLSPACING="0" CELLPADDING="0"
><TR
><TD CLASS="infohead"
>Portability</TD
><TD CLASS="infoval"
>portable</TD
></TR
><TR
><TD CLASS="infohead"
>Stability</TD
><TD CLASS="infoval"
>provisional</TD
></TR
><TR
><TD CLASS="infohead"
>Maintainer</TD
><TD CLASS="infoval"
>libraries@haskell.org</TD
></TR
></TABLE
></TD
></TR
></TABLE
></TD
></TR
><TR
><TD CLASS="s15"
></TD
></TR
><TR
><TD
><TABLE CLASS="vanilla" CELLSPACING="0" CELLPADDING="0"
><TR
><TD CLASS="section4"
><B
>Contents</B
></TD
></TR
><TR
><TD
><DL
><DT
><A HREF="">Type declarations
</A
></DT
><DD
><DL
><DT
><A HREF="">Data types
</A
></DT
><DT
><A HREF="">Records
</A
></DT
></DL
></DD
><DT
><A HREF="">Class declarations
</A
></DT
><DT
><A HREF="">Function types
</A
></DT
><DT
><A HREF="">Auxiliary stuff
</A
></DT
><DT
><A HREF="">A hidden module
</A
></DT
><DT
><A HREF="">A visible module
</A
></DT
><DT
><A HREF="">Existential / Universal types
</A
></DT
><DT
><A HREF="">Type signatures with argument docs
</A
></DT
><DT
><A HREF="">A section
</A
></DT
><DD
><DL
><DT
><A HREF="">A subsection 
</A
></DT
></DL
></DD
></DL
></TD
></TR
></TABLE
></TD
></TR
><TR
><TD CLASS="s15"
></TD
></TR
><TR
><TD CLASS="section1"
>Description</TD
></TR
><TR
><TD CLASS="doc"
>This module illustrates &amp; tests most of the features of Haddock.
 Testing references from the description: <TT
><A HREF="">T</A
></TT
>, <TT
><A HREF="">f</A
></TT
>, <TT
><A HREF="">g</A
></TT
>, <TT
><A HREF="">visible</A
></TT
>.
</TD
></TR
><TR
><TD CLASS="s15"
></TD
></TR
><TR
><TD CLASS="section1"
>Synopsis</TD
></TR
><TR
><TD CLASS="s15"
></TD
></TR
><TR
><TD CLASS="body"
><TABLE CLASS="vanilla" CELLSPACING="0" CELLPADDING="0"
><TR
><TD CLASS="decl"
><TABLE CLASS="vanilla" CELLSPACING="0" CELLPADDING="0"
><TR
><TD CLASS="decl"
><SPAN CLASS="keyword"
>data</SPAN
>  <A HREF="">T</A
> a b </TD
></TR
><TR
><TD CLASS="body"
><TABLE CLASS="vanilla" CELLSPACING="0" CELLPADDING="0"
><TR
><TD CLASS="decl"
>= <A HREF="">A</A
> <A HREF="">Int</A
> (<A HREF="">Maybe</A
> <A HREF="">Float</A
>)</TD
></TR
><TR
><TD CLASS="decl"
>| <A HREF="">B</A
> (<A HREF="">T</A
> a b, <A HREF="">T</A
> <A HREF="">Int</A
> <A HREF="">Float</A
>)</TD
></TR
></TABLE
></TD
></TR
></TABLE
></TD
></TR
><TR
><TD CLASS="s8"
></TD
></TR
><TR
><TD CLASS="decl"
><SPAN CLASS="keyword"
>data</SPAN
>  <A HREF="">T2</A
> a b</TD
></TR
><TR
><TD CLASS="s8"
></TD
></TR
><TR
><TD CLASS="decl"
><TABLE CLASS="vanilla" CELLSPACING="0" CELLPADDING="0"
><TR
><TD CLASS="decl"
><SPAN CLASS="keyword"
>data</SPAN
>  <A HREF="">T3</A
> a b </TD
></TR
><TR
><TD CLASS="body"
><TABLE CLASS="vanilla" CELLSPACING="0" CELLPADDING="0"
><TR
><TD CLASS="decl"
>= <A HREF="">A1</A
> a</TD
></TR
><TR
><TD CLASS="decl"
>| <A HREF="">B1</A
> b</TD
></TR
></TABLE
></TD
></TR
></TABLE
></TD
></TR
><TR
><TD CLASS="s8"
></TD
></TR
><TR
><TD CLASS="decl"
><TABLE CLASS="vanilla" CELLSPACING="0" CELLPADDING="0"
><TR
><TD CLASS="decl"
><SPAN CLASS="keyword"
>data</SPAN
>  <A HREF="">T4</A
> a b </TD
></TR
><TR
><TD CLASS="body"
><TABLE CLASS="vanilla" CELLSPACING="0" CELLPADDING="0"
><TR
><TD CLASS="decl"
>= <A HREF="">A2</A
> a</TD
></TR
><TR
><TD CLASS="decl"
>| <A HREF="">B2</A
> b</TD
></TR
></TABLE
></TD
></TR
></TABLE
></TD
></TR
><TR
><TD CLASS="s8"
></TD
></TR
><TR
><TD CLASS="decl"
><TABLE CLASS="vanilla" CELLSPACING="0" CELLPADDING="0"
><TR
><TD CLASS="decl"
><SPAN CLASS="keyword"
>data</SPAN
>  <A HREF="">T5</A
> a b </TD
></TR
><TR
><TD CLASS="body"
><TABLE CLASS="vanilla" CELLSPACING="0" CELLPADDING="0"
><TR
><TD CLASS="decl"
>= <A HREF="">A3</A
> a</TD
></TR
><TR
><TD CLASS="decl"
>| <A HREF="">B3</A
> b</TD
></TR
></TABLE
></TD
></TR
></TABLE
></TD
></TR
><TR
><TD CLASS="s8"
></TD
></TR
><TR
><TD CLASS="decl"
><TABLE CLASS="vanilla" CELLSPACING="0" CELLPADDING="0"
><TR
><TD CLASS="decl"
><SPAN CLASS="keyword"
>data</SPAN
>  <A HREF="">T6</A
>  </TD
></TR
><TR
><TD CLASS="body"
><TABLE CLASS="vanilla" CELLSPACING="0" CELLPADDING="0"
><TR
><TD CLASS="decl"
>= <A HREF="">A4</A
></TD
></TR
><TR
><TD CLASS="decl"
>| <A HREF="">B4</A
></TD
></TR
><TR
><TD CLASS="decl"
>| <A HREF="">C4</A
></TD
></TR
></TABLE
></TD
></TR
></TABLE
></TD
></TR
><TR
><TD CLASS="s8"
></TD
></TR
><TR
><TD CLASS="decl"
><SPAN CLASS="keyword"
>newtype</SPAN
>  <A HREF="">N1</A
> a = <A HREF="">N1</A
> a</TD
></TR
><TR
><TD CLASS="s8"
></TD
></TR
><TR
><TD CLASS="decl"
><SPAN CLASS="keyword"
>newtype</SPAN
>  <A HREF="">N2</A
> a b = <A HREF="">N2</A
> {<TABLE CLASS="vanilla" CELLSPACING="0" CELLPADDING="0"
><TR
><TD CLASS="recfield"
><A HREF="">n</A
> :: a b</TD
></TR
></TABLE
>}</TD
></TR
><TR
><TD CLASS="s8"
></TD
></TR
><TR
><TD CLASS="decl"
><SPAN CLASS="keyword"
>newtype</SPAN
>  <A HREF="">N3</A
> a b = <A HREF="">N3</A
> {<TABLE CLASS="vanilla" CELLSPACING="0" CELLPADDING="0"
><TR
><TD CLASS="recfield"
><A HREF="">n3</A
> :: a b</TD
></TR
></TABLE
>}</TD
></TR
><TR
><TD CLASS="s8"
></TD
></TR
><TR
><TD CLASS="decl"
><SPAN CLASS="keyword"
>data</SPAN
>  <A HREF="">N4</A
> a b</TD
></TR
><TR
><TD CLASS="s8"
></TD
></TR
><TR
><TD CLASS="decl"
><SPAN CLASS="keyword"
>newtype</SPAN
>  <A HREF="">N5</A
> a b = <A HREF="">N5</A
> {<TABLE CLASS="vanilla" CELLSPACING="0" CELLPADDING="0"
><TR
><TD CLASS="recfield"
><A HREF="">n5</A
> :: a b</TD
></TR
></TABLE
>}</TD
></TR
><TR
><TD CLASS="s8"
></TD
></TR
><TR
><TD CLASS="decl"
><SPAN CLASS="keyword"
>newtype</SPAN
>  <A HREF="">N6</A
> a b = <A HREF="">N6</A
> {<TABLE CLASS="vanilla" CELLSPACING="0" CELLPADDING="0"
><TR
><TD CLASS="recfield"
><A HREF="">n6</A
> :: a b</TD
></TR
></TABLE
>}</TD
></TR
><TR
><TD CLASS="s8"
></TD
></TR
><TR
><TD CLASS="decl"
><SPAN CLASS="keyword"
>newtype</SPAN
>  <A HREF="">N7</A
> a b = <A HREF="">N7</A
> {<TABLE CLASS="vanilla" CELLSPACING="0" CELLPADDING="0"
><TR
><TD CLASS="recfield"
><A HREF="">n7</A
> :: a b</TD
></TR
></TABLE
>}</TD
></TR
><TR
><TD CLASS="s8"
></TD
></TR
><TR
><TD CLASS="decl"
><TABLE CLASS="vanilla" CELLSPACING="0" CELLPADDING="0"
><TR
><TD CLASS="decl"
><SPAN CLASS="keyword"
>data</SPAN
>  <A HREF="">R</A
>  </TD
></TR
><TR
><TD CLASS="body"
><TABLE CLASS="vanilla" CELLSPACING="0" CELLPADDING="0"
><TR
><TD CLASS="decl"
>= <A HREF="">C1</A
> {<TABLE CLASS="vanilla" CELLSPACING="0" CELLPADDING="0"
><TR
><TD CLASS="recfield"
><A HREF="">p</A
> :: <A HREF="">Int</A
></TD
></TR
><TR
><TD CLASS="recfield"
><A HREF="">q</A
> :: <SPAN CLASS="keyword"
>forall</SPAN
> a.  a -&gt; a</TD
></TR
><TR
><TD CLASS="recfield"
><A HREF="">r</A
> :: <A HREF="">Int</A
></TD
></TR
><TR
><TD CLASS="recfield"
><A HREF="">s</A
> :: <A HREF="">Int</A
></TD
></TR
></TABLE
>}</TD
></TR
><TR
><TD CLASS="decl"
>| <A HREF="">C2</A
> {<TABLE CLASS="vanilla" CELLSPACING="0" CELLPADDING="0"
><TR
><TD CLASS="recfield"
><A HREF="">t</A
> :: T1 -&gt; <A HREF="">T2</A
> <A HREF="">Int</A
> <A HREF="">Int</A
> -&gt; <A HREF="">T3</A
> <A HREF="">Bool</A
> <A HREF="">Bool</A
> -&gt; <A HREF="">T4</A
> <A HREF="">Float</A
> <A HREF="">Float</A
> -&gt; <A HREF="">T5</A
> () ()</TD
></TR
><TR
><TD CLASS="recfield"
><A HREF="">u</A
> :: <A HREF="">Int</A
></TD
></TR
><TR
><TD CLASS="recfield"
><A HREF="">v</A
> :: <A HREF="">Int</A
></TD
></TR
></TABLE
>}</TD
></TR
></TABLE
></TD
></TR
></TABLE
></TD
></TR
><TR
><TD CLASS="s8"
></TD
></TR
><TR
><TD CLASS="decl"
><SPAN CLASS="keyword"
>data</SPAN
>  <A HREF="">R1</A
>  = <A HREF="">C3</A
> {<TABLE CLASS="vanilla" CELLSPACING="0" CELLPADDING="0"
><TR
><TD CLASS="recfield"
><A HREF="">s1</A
> :: <A HREF="">Int</A
></TD
></TR
><TR
><TD CLASS="recfield"
><A HREF="">s2</A
> :: <A HREF="">Int</A
></TD
></TR
><TR
><TD CLASS="recfield"
><A HREF="">s3</A
> :: <A HREF="">Int</A
></TD
></TR
></TABLE
>}</TD
></TR
><TR
><TD CLASS="s8"
></TD
></TR
><TR
><TD CLASS="decl"
><SPAN CLASS="keyword"
>class</SPAN
> <A HREF="">D</A
> a =&gt; <A HREF="">C</A
> a  <SPAN CLASS="keyword"
>where</SPAN
></TD
></TR
><TR
><TD CLASS="body"
><TABLE CLASS="vanilla" CELLSPACING="0" CELLPADDING="0"
><TR
><TD CLASS="decl"
><A HREF="">a</A
> :: <A HREF="">IO</A
> a</TD
></TR
><TR
><TD CLASS="decl"
><A HREF="">b</A
> :: [a]</TD
></TR
></TABLE
></TD
></TR
><TR
><TD CLASS="s8"
></TD
></TR
><TR
><TD CLASS="decl"
><SPAN CLASS="keyword"
>class</SPAN
>  <A HREF="">D</A
> a  <SPAN CLASS="keyword"
>where</SPAN
></TD
></TR
><TR
><TD CLASS="body"
><TABLE CLASS="vanilla" CELLSPACING="0" CELLPADDING="0"
><TR
><TD CLASS="decl"
><A HREF="">d</A
> ::  <A HREF="">T</A
> a b</TD
></TR
><TR
><TD CLASS="decl"
><A HREF="">e</A
> :: (a, a)</TD
></TR
></TABLE
></TD
></TR
><TR
><TD CLASS="s8"
></TD
></TR
><TR
><TD CLASS="decl"
><SPAN CLASS="keyword"
>class</SPAN
>  <A HREF="">E</A
> a </TD
></TR
><TR
><TD CLASS="s8"
></TD
></TR
><TR
><TD CLASS="decl"
><SPAN CLASS="keyword"
>class</SPAN
>  <A HREF="">F</A
> a  <SPAN CLASS="keyword"
>where</SPAN
></TD
></TR
><TR
><TD CLASS="body"
><TABLE CLASS="vanilla" CELLSPACING="0" CELLPADDING="0"
><TR
><TD CLASS="decl"
><A HREF="">ff</A
> :: a</TD
></TR
></TABLE
></TD
></TR
><TR
><TD CLASS="s8"
></TD
></TR
><TR
><TD CLASS="decl"
><A HREF="">f</A
> :: <A HREF="">C</A
> a =&gt; a -&gt; <A HREF="">Int</A
></TD
></TR
><TR
><TD CLASS="s8"
></TD
></TR
><TR
><TD CLASS="decl"
><A HREF="">g</A
> :: <A HREF="">Int</A
> -&gt; <A HREF="">IO</A
> CInt</TD
></TR
><TR
><TD CLASS="s8"
></TD
></TR
><TR
><TD CLASS="decl"
><A HREF="">hidden</A
> :: <A HREF="">Int</A
> -&gt; <A HREF="">Int</A
></TD
></TR
><TR
><TD CLASS="s8"
></TD
></TR
><TR
><TD CLASS="decl"
>module <A HREF="">Visible</A
></TD
></TR
><TR
><TD CLASS="s8"
></TD
></TR
><TR
><TD CLASS="decl"
><TABLE CLASS="vanilla" CELLSPACING="0" CELLPADDING="0"
><TR
><TD CLASS="decl"
><SPAN CLASS="keyword"
>data</SPAN
>  <A HREF="">Ex</A
> a </TD
></TR
><TR
><TD CLASS="body"
><TABLE CLASS="vanilla" CELLSPACING="0" CELLPADDING="0"
><TR
><TD CLASS="decl"
>= <SPAN CLASS="keyword"
>forall</SPAN
> b . <A HREF="">C</A
> b =&gt; <A HREF="">Ex1</A
> b</TD
></TR
><TR
><TD CLASS="decl"
>| <SPAN CLASS="keyword"
>forall</SPAN
> b . <A HREF="">Ex2</A
> b</TD
></TR
><TR
><TD CLASS="decl"
>| <SPAN CLASS="keyword"
>forall</SPAN
> b . <A HREF="">C</A
> a =&gt; <A HREF="">Ex3</A
> b</TD
></TR
><TR
><TD CLASS="decl"
>| <A HREF="">Ex4</A
> (<SPAN CLASS="keyword"
>forall</SPAN
> a.  a -&gt; a)</TD
></TR
></TABLE
></TD
></TR
></TABLE
></TD
></TR
><TR
><TD CLASS="s8"
></TD
></TR
><TR
><TD CLASS="decl"
><A HREF="">k</A
> :: <A HREF="">T</A
> () () -&gt; <A HREF="">T2</A
> <A HREF="">Int</A
> <A HREF="">Int</A
> -&gt; (<A HREF="">T3</A
> <A HREF="">Bool</A
> <A HREF="">Bool</A
> -&gt; <A HREF="">T4</A
> <A HREF="">Float</A
> <A HREF="">Float</A
>) -&gt; <A HREF="">T5</A
> () () -&gt; <A HREF="">IO</A
> ()</TD
></TR
><TR
><TD CLASS="s8"
></TD
></TR
><TR
><TD CLASS="decl"
><A HREF="">l</A
> :: (<A HREF="">Int</A
>, <A HREF="">Int</A
>, <A HREF="">Float</A
>) -&gt; <A HREF="">Int</A
></TD
></TR
><TR
><TD CLASS="s8"
></TD
></TR
><TR
><TD CLASS="decl"
><A HREF="">m</A
> :: <A HREF="">R</A
> -&gt; <A HREF="">N1</A
> () -&gt; <A HREF="">IO</A
> <A HREF="">Int</A
></TD
></TR
><TR
><TD CLASS="s8"
></TD
></TR
><TR
><TD CLASS="decl"
><A HREF="">o</A
> :: <A HREF="">Float</A
> -&gt; <A HREF="">IO</A
> <A HREF="">Float</A
></TD
></TR
><TR
><TD CLASS="s8"
></TD
></TR
><TR
><TD CLASS="decl"
><A HREF="">f'</A
> :: <A HREF="">Int</A
></TD
></TR
></TABLE
></TD
></TR
><TR
><TD CLASS="s15"
></TD
></TR
><TR
><TD CLASS="s15"
></TD
></TR
><TR
><TD CLASS="section1"
><A NAME="1"
><A NAME="1"
>Type declarations
</A
></A
></TD
></TR
><TR
><TD CLASS="s15"
></TD
></TR
><TR
><TD CLASS="section2"
><A NAME="2"
><A NAME="2"
>Data types
</A
></A
></TD
></TR
><TR
><TD CLASS="s15"
></TD
></TR
><TR
><TD CLASS="decl"
><SPAN CLASS="keyword"
>data</SPAN
>  <A NAME="t:T"
><A NAME="t%3AT"
></A
></A
><B
>T</B
> a b </TD
></TR
><TR
><TD CLASS="body"
><TABLE CLASS="vanilla" CELLSPACING="0" CELLPADDING="0"
><TR
><TD CLASS="ndoc"
>This comment applies to the <EM
>following</EM
> declaration
 and it continues until the next non-comment line
</TD
></TR
><TR
><TD CLASS="section4"
>Constructors</TD
></TR
><TR
><TD CLASS="body"
><TABLE CLASS="vanilla" CELLSPACING="1" CELLPADDING="0"
><TR
><TD CLASS="arg"
><A NAME="v:A"
><A NAME="v%3AA"
></A
></A
><B
>A</B
> <A HREF="">Int</A
> (<A HREF="">Maybe</A
> <A HREF="">Float</A
>)</TD
><TD CLASS="rdoc"
>This comment describes the <TT
><A HREF="">A</A
></TT
> constructor
</TD
></TR
><TR
><TD CLASS="arg"
><A NAME="v:B"
><A NAME="v%3AB"
></A
></A
><B
>B</B
> (<A HREF="">T</A
> a b, <A HREF="">T</A
> <A HREF="">Int</A
> <A HREF="">Float</A
>)</TD
><TD CLASS="rdoc"
>This comment describes the <TT
><A HREF="">B</A
></TT
> constructor
</TD
></TR
></TABLE
></TD
></TR
></TABLE
></TD
></TR
><TR
><TD CLASS="s15"
></TD
></TR
><TR
><TD CLASS="decl"
><SPAN CLASS="keyword"
>data</SPAN
>  <A NAME="t:T2"
><A NAME="t%3AT2"
></A
></A
><B
>T2</B
> a b </TD
></TR
><TR
><TD CLASS="body"
><TABLE CLASS="vanilla" CELLSPACING="0" CELLPADDING="0"
><TR
><TD CLASS="ndoc"
>An abstract data declaration
</TD
></TR
></TABLE
></TD
></TR
><TR
><TD CLASS="s15"
></TD
></TR
><TR
><TD CLASS="decl"
><SPAN CLASS="keyword"
>data</SPAN
>  <A NAME="t:T3"
><A NAME="t%3AT3"
></A
></A
><B
>T3</B
> a b </TD
></TR
><TR
><TD CLASS="body"
><TABLE CLASS="vanilla" CELLSPACING="0" CELLPADDING="0"
><TR
><TD CLASS="ndoc"
>A data declaration with no documentation annotations on the constructors
</TD
></TR
><TR
><TD CLASS="section4"
>Constructors</TD
></TR
><TR
><TD CLASS="body"
><TABLE CLASS="vanilla" CELLSPACING="1" CELLPADDING="0"
><TR
><TD CLASS="arg"
><A NAME="v:A1"
><A NAME="v%3AA1"
></A
></A
><B
>A1</B
> a</TD
><TD CLASS="rdoc"
></TD
></TR
><TR
><TD CLASS="arg"
><A NAME="v:B1"
><A NAME="v%3AB1"
></A
></A
><B
>B1</B
> b</TD
><TD CLASS="rdoc"
></TD
></TR
></TABLE
></TD
></TR
></TABLE
></TD
></TR
><TR
><TD CLASS="s15"
></TD
></TR
><TR
><TD CLASS="decl"
><SPAN CLASS="keyword"
>data</SPAN
>  <A NAME="t:T4"
><A NAME="t%3AT4"
></A
></A
><B
>T4</B
> a b </TD
></TR
><TR
><TD CLASS="body"
><TABLE CLASS="vanilla" CELLSPACING="0" CELLPADDING="0"
><TR
><TD CLASS="section4"
>Constructors</TD
></TR
><TR
><TD CLASS="body"
><TABLE CLASS="vanilla" CELLSPACING="1" CELLPADDING="0"
><TR
><TD CLASS="arg"
><A NAME="v:A2"
><A NAME="v%3AA2"
></A
></A
><B
>A2</B
> a</TD
><TD CLASS="rdoc"
></TD
></TR
><TR
><TD CLASS="arg"
><A NAME="v:B2"
><A NAME="v%3AB2"
></A
></A
><B
>B2</B
> b</TD
><TD CLASS="rdoc"
></TD
></TR
></TABLE
></TD
></TR
></TABLE
></TD
></TR
><TR
><TD CLASS="s15"
></TD
></TR
><TR
><TD CLASS="decl"
><SPAN CLASS="keyword"
>data</SPAN
>  <A NAME="t:T5"
><A NAME="t%3AT5"
></A
></A
><B
>T5</B
> a b </TD
></TR
><TR
><TD CLASS="body"
><TABLE CLASS="vanilla" CELLSPACING="0" CELLPADDING="0"
><TR
><TD CLASS="section4"
>Constructors</TD
></TR
><TR
><TD CLASS="body"
><TABLE CLASS="vanilla" CELLSPACING="1" CELLPADDING="0"
><TR
><TD CLASS="arg"
><A NAME="v:A3"
><A NAME="v%3AA3"
></A
></A
><B
>A3</B
> a</TD
><TD CLASS="rdoc"
>documents <TT
><A HREF="">A3</A
></TT
>
</TD
></TR
><TR
><TD CLASS="arg"
><A NAME="v:B3"
><A NAME="v%3AB3"
></A
></A
><B
>B3</B
> b</TD
><TD CLASS="rdoc"
>documents <TT
><A HREF="">B3</A
></TT
>
</TD
></TR
></TABLE
></TD
></TR
></TABLE
></TD
></TR
><TR
><TD CLASS="s15"
></TD
></TR
><TR
><TD CLASS="decl"
><SPAN CLASS="keyword"
>data</SPAN
>  <A NAME="t:T6"
><A NAME="t%3AT6"
></A
></A
><B
>T6</B
>  </TD
></TR
><TR
><TD CLASS="body"
><TABLE CLASS="vanilla" CELLSPACING="0" CELLPADDING="0"
><TR
><TD CLASS="ndoc"
>Testing alternative comment styles
</TD
></TR
><TR
><TD CLASS="section4"
>Constructors</TD
></TR
><TR
><TD CLASS="body"
><TABLE CLASS="vanilla" CELLSPACING="1" CELLPADDING="0"
><TR
><TD CLASS="arg"
><A NAME="v:A4"
><A NAME="v%3AA4"
></A
></A
><B
>A4</B
></TD
><TD CLASS="rdoc"
>This is the doc for <TT
><A HREF="">A4</A
></TT
>
</TD
></TR
><TR
><TD CLASS="arg"
><A NAME="v:B4"
><A NAME="v%3AB4"
></A
></A
><B
>B4</B
></TD
><TD CLASS="rdoc"
>This is the doc for <TT
><A HREF="">B4</A
></TT
>
</TD
></TR
><TR
><TD CLASS="arg"
><A NAME="v:C4"
><A NAME="v%3AC4"
></A
></A
><B
>C4</B
></TD
><TD CLASS="rdoc"
>This is the doc for <TT
><A HREF="">C4</A
></TT
>
</TD
></TR
></TABLE
></TD
></TR
></TABLE
></TD
></TR
><TR
><TD CLASS="s15"
></TD
></TR
><TR
><TD CLASS="decl"
><SPAN CLASS="keyword"
>newtype</SPAN
>  <A NAME="t:N1"
><A NAME="t%3AN1"
></A
></A
><B
>N1</B
> a </TD
></TR
><TR
><TD CLASS="body"
><TABLE CLASS="vanilla" CELLSPACING="0" CELLPADDING="0"
><TR
><TD CLASS="ndoc"
>A newtype
</TD
></TR
><TR
><TD CLASS="section4"
>Constructors</TD
></TR
><TR
><TD CLASS="body"
><TABLE CLASS="vanilla" CELLSPACING="1" CELLPADDING="0"
><TR
><TD CLASS="arg"
><A NAME="v:N1"
><A NAME="v%3AN1"
></A
></A
><B
>N1</B
> a</TD
><TD CLASS="rdoc"
></TD
></TR
></TABLE
></TD
></TR
></TABLE
></TD
></TR
><TR
><TD CLASS="s15"
></TD
></TR
><TR
><TD CLASS="decl"
><SPAN CLASS="keyword"
>newtype</SPAN
>  <A NAME="t:N2"
><A NAME="t%3AN2"
></A
></A
><B
>N2</B
> a b </TD
></TR
><TR
><TD CLASS="body"
><TABLE CLASS="vanilla" CELLSPACING="0" CELLPADDING="0"
><TR
><TD CLASS="ndoc"
>A newtype with a fieldname
</TD
></TR
><TR
><TD CLASS="section4"
>Constructors</TD
></TR
><TR
><TD CLASS="body"
><TABLE CLASS="vanilla" CELLSPACING="5" CELLPADDING="0"
><TR
><TD CLASS="arg"
><A NAME="v:N2"
><A NAME="v%3AN2"
></A
></A
><B
>N2</B
></TD
><TD CLASS="rdoc"
></TD
></TR
><TR
><TD CLASS="body" COLSPAN="2"
><TABLE CLASS="vanilla" CELLSPACING="1" CELLPADDING="0"
><TR
><TD CLASS="arg"
><A NAME="v:n"
><A NAME="v%3An"
></A
></A
><B
>n</B
> :: a b</TD
><TD CLASS="rdoc"
></TD
></TR
></TABLE
></TD
></TR
></TABLE
></TD
></TR
></TABLE
></TD
></TR
><TR
><TD CLASS="s15"
></TD
></TR
><TR
><TD CLASS="decl"
><SPAN CLASS="keyword"
>newtype</SPAN
>  <A NAME="t:N3"
><A NAME="t%3AN3"
></A
></A
><B
>N3</B
> a b </TD
></TR
><TR
><TD CLASS="body"
><TABLE CLASS="vanilla" CELLSPACING="0" CELLPADDING="0"
><TR
><TD CLASS="ndoc"
>A newtype with a fieldname, documentation on the field
</TD
></TR
><TR
><TD CLASS="section4"
>Constructors</TD
></TR
><TR
><TD CLASS="body"
><TABLE CLASS="vanilla" CELLSPACING="5" CELLPADDING="0"
><TR
><TD CLASS="arg"
><A NAME="v:N3"
><A NAME="v%3AN3"
></A
></A
><B
>N3</B
></TD
><TD CLASS="rdoc"
></TD
></TR
><TR
><TD CLASS="body" COLSPAN="2"
><TABLE CLASS="vanilla" CELLSPACING="1" CELLPADDING="0"
><TR
><TD CLASS="arg"
><A NAME="v:n3"
><A NAME="v%3An3"
></A
></A
><B
>n3</B
> :: a b</TD
><TD CLASS="rdoc"
>this is the <TT
><A HREF="">n3</A
></TT
> field 
</TD
></TR
></TABLE
></TD
></TR
></TABLE
></TD
></TR
></TABLE
></TD
></TR
><TR
><TD CLASS="s15"
></TD
></TR
><TR
><TD CLASS="decl"
><SPAN CLASS="keyword"
>data</SPAN
>  <A NAME="t:N4"
><A NAME="t%3AN4"
></A
></A
><B
>N4</B
> a b </TD
></TR
><TR
><TD CLASS="body"
><TABLE CLASS="vanilla" CELLSPACING="0" CELLPADDING="0"
><TR
><TD CLASS="ndoc"
>An abstract newtype - we show this one as data rather than newtype because
 the difference isn't visible to the programmer for an abstract type.
</TD
></TR
></TABLE
></TD
></TR
><TR
><TD CLASS="s15"
></TD
></TR
><TR
><TD CLASS="decl"
><SPAN CLASS="keyword"
>newtype</SPAN
>  <A NAME="t:N5"
><A NAME="t%3AN5"
></A
></A
><B
>N5</B
> a b </TD
></TR
><TR
><TD CLASS="body"
><TABLE CLASS="vanilla" CELLSPACING="0" CELLPADDING="0"
><TR
><TD CLASS="section4"
>Constructors</TD
></TR
><TR
><TD CLASS="body"
><TABLE CLASS="vanilla" CELLSPACING="5" CELLPADDING="0"
><TR
><TD CLASS="arg"
><A NAME="v:N5"
><A NAME="v%3AN5"
></A
></A
><B
>N5</B
></TD
><TD CLASS="rdoc"
></TD
></TR
><TR
><TD CLASS="body" COLSPAN="2"
><TABLE CLASS="vanilla" CELLSPACING="1" CELLPADDING="0"
><TR
><TD CLASS="arg"
><A NAME="v:n5"
><A NAME="v%3An5"
></A
></A
><B
>n5</B
> :: a b</TD
><TD CLASS="rdoc"
>no docs on the datatype or the constructor
</TD
></TR
></TABLE
></TD
></TR
></TABLE
></TD
></TR
></TABLE
></TD
></TR
><TR
><TD CLASS="s15"
></TD
></TR
><TR
><TD CLASS="decl"
><SPAN CLASS="keyword"
>newtype</SPAN
>  <A NAME="t:N6"
><A NAME="t%3AN6"
></A
></A
><B
>N6</B
> a b </TD
></TR
><TR
><TD CLASS="body"
><TABLE CLASS="vanilla" CELLSPACING="0" CELLPADDING="0"
><TR
><TD CLASS="section4"
>Constructors</TD
></TR
><TR
><TD CLASS="body"
><TABLE CLASS="vanilla" CELLSPACING="5" CELLPADDING="0"
><TR
><TD CLASS="arg"
><A NAME="v:N6"
><A NAME="v%3AN6"
></A
></A
><B
>N6</B
></TD
><TD CLASS="rdoc"
>docs on the constructor only
</TD
></TR
><TR
><TD CLASS="body" COLSPAN="2"
><TABLE CLASS="vanilla" CELLSPACING="1" CELLPADDING="0"
><TR
><TD CLASS="arg"
><A NAME="v:n6"
><A NAME="v%3An6"
></A
></A
><B
>n6</B
> :: a b</TD
><TD CLASS="rdoc"
></TD
></TR
></TABLE
></TD
></TR
></TABLE
></TD
></TR
></TABLE
></TD
></TR
><TR
><TD CLASS="s15"
></TD
></TR
><TR
><TD CLASS="decl"
><SPAN CLASS="keyword"
>newtype</SPAN
>  <A NAME="t:N7"
><A NAME="t%3AN7"
></A
></A
><B
>N7</B
> a b </TD
></TR
><TR
><TD CLASS="body"
><TABLE CLASS="vanilla" CELLSPACING="0" CELLPADDING="0"
><TR
><TD CLASS="ndoc"
>docs on the newtype and the constructor
</TD
></TR
><TR
><TD CLASS="section4"
>Constructors</TD
></TR
><TR
><TD CLASS="body"
><TABLE CLASS="vanilla" CELLSPACING="5" CELLPADDING="0"
><TR
><TD CLASS="arg"
><A NAME="v:N7"
><A NAME="v%3AN7"
></A
></A
><B
>N7</B
></TD
><TD CLASS="rdoc"
>The <TT
><A HREF="">N7</A
></TT
> constructor
</TD
></TR
><TR
><TD CLASS="body" COLSPAN="2"
><TABLE CLASS="vanilla" CELLSPACING="1" CELLPADDING="0"
><TR
><TD CLASS="arg"
><A NAME="v:n7"
><A NAME="v%3An7"
></A
></A
><B
>n7</B
> :: a b</TD
><TD CLASS="rdoc"
></TD
></TR
></TABLE
></TD
></TR
></TABLE
></TD
></TR
></TABLE
></TD
></TR
><TR
><TD CLASS="s15"
></TD
></TR
><TR
><TD CLASS="section2"
><A NAME="3"
><A NAME="3"
>Records
</A
></A
></TD
></TR
><TR
><TD CLASS="s15"
></TD
></TR
><TR
><TD CLASS="decl"
><SPAN CLASS="keyword"
>data</SPAN
>  <A NAME="t:R"
><A NAME="t%3AR"
></A
></A
><B
>R</B
>  </TD
></TR
><TR
><TD CLASS="body"
><TABLE CLASS="vanilla" CELLSPACING="0" CELLPADDING="0"
><TR
><TD CLASS="ndoc"
>This is the documentation for the <TT
><A HREF="">R</A
></TT
> record, which has four fields,
 <TT
><A HREF="">p</A
></TT
>, <TT
><A HREF="">q</A
></TT
>, <TT
><A HREF="">r</A
></TT
>, and <TT
><A HREF="">s</A
></TT
>.
</TD
></TR
><TR
><TD CLASS="section4"
>Constructors</TD
></TR
><TR
><TD CLASS="body"
><TABLE CLASS="vanilla" CELLSPACING="5" CELLPADDING="0"
><TR
><TD CLASS="arg"
><A NAME="v:C1"
><A NAME="v%3AC1"
></A
></A
><B
>C1</B
></TD
><TD CLASS="rdoc"
>This is the <TT
><A HREF="">C1</A
></TT
> record constructor, with the following fields:
</TD
></TR
><TR
><TD CLASS="body" COLSPAN="2"
><TABLE CLASS="vanilla" CELLSPACING="1" CELLPADDING="0"
><TR
><TD CLASS="arg"
><A NAME="v:p"
><A NAME="v%3Ap"
></A
></A
><B
>p</B
> :: <A HREF="">Int</A
></TD
><TD CLASS="rdoc"
>This comment applies to the <TT
><A HREF="">p</A
></TT
> field
</TD
></TR
><TR
><TD CLASS="arg"
><A NAME="v:q"
><A NAME="v%3Aq"
></A
></A
><B
>q</B
> :: <SPAN CLASS="keyword"
>forall</SPAN
> a.  a -&gt; a</TD
><TD CLASS="rdoc"
>This comment applies to the <TT
><A HREF="">q</A
></TT
> field
</TD
></TR
><TR
><TD CLASS="arg"
><A NAME="v:r"
><A NAME="v%3Ar"
></A
></A
><B
>r</B
> :: <A HREF="">Int</A
></TD
><TD CLASS="rdoc"
>This comment applies to both <TT
><A HREF="">r</A
></TT
> and <TT
><A HREF="">s</A
></TT
>
</TD
></TR
><TR
><TD CLASS="arg"
><A NAME="v:s"
><A NAME="v%3As"
></A
></A
><B
>s</B
> :: <A HREF="">Int</A
></TD
><TD CLASS="rdoc"
>This comment applies to both <TT
><A HREF="">r</A
></TT
> and <TT
><A HREF="">s</A
></TT
>
</TD
></TR
></TABLE
></TD
></TR
><TR
><TD CLASS="arg"
><A NAME="v:C2"
><A NAME="v%3AC2"
></A
></A
><B
>C2</B
></TD
><TD CLASS="rdoc"
>This is the <TT
><A HREF="">C2</A
></TT
> record constructor, also with some fields:
</TD
></TR
><TR
><TD CLASS="body" COLSPAN="2"
><TABLE CLASS="vanilla" CELLSPACING="1" CELLPADDING="0"
><TR
><TD CLASS="arg"
><A NAME="v:t"
><A NAME="v%3At"
></A
></A
><B
>t</B
> :: T1 -&gt; <A HREF="">T2</A
> <A HREF="">Int</A
> <A HREF="">Int</A
> -&gt; <A HREF="">T3</A
> <A HREF="">Bool</A
> <A HREF="">Bool</A
> -&gt; <A HREF="">T4</A
> <A HREF="">Float</A
> <A HREF="">Float</A
> -&gt; <A HREF="">T5</A
> () ()</TD
><TD CLASS="rdoc"
></TD
></TR
><TR
><TD CLASS="arg"
><A NAME="v:u"
><A NAME="v%3Au"
></A
></A
><B
>u</B
> :: <A HREF="">Int</A
></TD
><TD CLASS="rdoc"
></TD
></TR
><TR
><TD CLASS="arg"
><A NAME="v:v"
><A NAME="v%3Av"
></A
></A
><B
>v</B
> :: <A HREF="">Int</A
></TD
><TD CLASS="rdoc"
></TD
></TR
></TABLE
></TD
></TR
></TABLE
></TD
></TR
></TABLE
></TD
></TR
><TR
><TD CLASS="s15"
></TD
></TR
><TR
><TD CLASS="decl"
><SPAN CLASS="keyword"
>data</SPAN
>  <A NAME="t:R1"
><A NAME="t%3AR1"
></A
></A
><B
>R1</B
>  </TD
></TR
><TR
><TD CLASS="body"
><TABLE CLASS="vanilla" CELLSPACING="0" CELLPADDING="0"
><TR
><TD CLASS="ndoc"
>Testing different record commenting styles
</TD
></TR
><TR
><TD CLASS="section4"
>Constructors</TD
></TR
><TR
><TD CLASS="body"
><TABLE CLASS="vanilla" CELLSPACING="5" CELLPADDING="0"
><TR
><TD CLASS="arg"
><A NAME="v:C3"
><A NAME="v%3AC3"
></A
></A
><B
>C3</B
></TD
><TD CLASS="rdoc"
>This is the <TT
><A HREF="">C3</A
></TT
> record constructor
</TD
></TR
><TR
><TD CLASS="body" COLSPAN="2"
><TABLE CLASS="vanilla" CELLSPACING="1" CELLPADDING="0"
><TR
><TD CLASS="arg"
><A NAME="v:s1"
><A NAME="v%3As1"
></A
></A
><B
>s1</B
> :: <A HREF="">Int</A
></TD
><TD CLASS="rdoc"
>The <TT
><A HREF="">s1</A
></TT
> record selector
</TD
></TR
><TR
><TD CLASS="arg"
><A NAME="v:s2"
><A NAME="v%3As2"
></A
></A
><B
>s2</B
> :: <A HREF="">Int</A
></TD
><TD CLASS="rdoc"
>The <TT
><A HREF="">s2</A
></TT
> record selector
</TD
></TR
><TR
><TD CLASS="arg"
><A NAME="v:s3"
><A NAME="v%3As3"
></A
></A
><B
>s3</B
> :: <A HREF="">Int</A
></TD
><TD CLASS="rdoc"
>The <TT
><A HREF="">s3</A
></TT
> record selector
</TD
></TR
></TABLE
></TD
></TR
></TABLE
></TD
></TR
></TABLE
></TD
></TR
><TR
><TD CLASS="s15"
></TD
></TR
><TR
><TD CLASS="doc"
>test that we can export record selectors on their own:
</TD
></TR
><TR
><TD CLASS="s15"
></TD
></TR
><TR
><TD CLASS="section1"
><A NAME="4"
><A NAME="4"
>Class declarations
</A
></A
></TD
></TR
><TR
><TD CLASS="s15"
></TD
></TR
><TR
><TD CLASS="decl"
><SPAN CLASS="keyword"
>class</SPAN
> <A HREF="">D</A
> a =&gt; <A NAME="t:C"
><A NAME="t%3AC"
></A
></A
><B
>C</B
> a  <SPAN CLASS="keyword"
>where</SPAN
></TD
></TR
><TR
><TD CLASS="body"
><TABLE CLASS="vanilla" CELLSPACING="0" CELLPADDING="0"
><TR
><TD CLASS="ndoc"
>This comment applies to the <EM
>previous</EM
> declaration (the <TT
><A HREF="">C</A
></TT
> class)
</TD
></TR
><TR
><TD CLASS="s8"
></TD
></TR
><TR
><TD CLASS="section4"
>Methods</TD
></TR
><TR
><TD CLASS="body"
><TABLE CLASS="vanilla" CELLSPACING="0" CELLPADDING="0"
><TR
><TD CLASS="decl"
><A NAME="v:a"
><A NAME="v%3Aa"
></A
></A
><B
>a</B
> :: <A HREF="">IO</A
> a</TD
></TR
><TR
><TD CLASS="doc"
>this is a description of the <TT
><A HREF="">a</A
></TT
> method
</TD
></TR
><TR
><TD CLASS="s8"
></TD
></TR
><TR
><TD CLASS="decl"
><A NAME="v:b"
><A NAME="v%3Ab"
></A
></A
><B
>b</B
> :: [a]</TD
></TR
><TR
><TD CLASS="doc"
>this is a description of the <TT
><A HREF="">b</A
></TT
> method
</TD
></TR
></TABLE
></TD
></TR
></TABLE
></TD
></TR
><TR
><TD CLASS="s15"
></TD
></TR
><TR
><TD CLASS="decl"
><SPAN CLASS="keyword"
>class</SPAN
>  <A NAME="t:D"
><A NAME="t%3AD"
></A
></A
><B
>D</B
> a  <SPAN CLASS="keyword"
>where</SPAN
></TD
></TR
><TR
><TD CLASS="body"
><TABLE CLASS="vanilla" CELLSPACING="0" CELLPADDING="0"
><TR
><TD CLASS="ndoc"
>This is a class declaration with no separate docs for the methods
</TD
></TR
><TR
><TD CLASS="s8"
></TD
></TR
><TR
><TD CLASS="section4"
>Methods</TD
></TR
><TR
><TD CLASS="body"
><TABLE CLASS="vanilla" CELLSPACING="0" CELLPADDING="0"
><TR
><TD CLASS="decl"
><A NAME="v:d"
><A NAME="v%3Ad"
></A
></A
><B
>d</B
> ::  <A HREF="">T</A
> a b</TD
></TR
><TR
><TD CLASS="s8"
></TD
></TR
><TR
><TD CLASS="decl"
><A NAME="v:e"
><A NAME="v%3Ae"
></A
></A
><B
>e</B
> :: (a, a)</TD
></TR
></TABLE
></TD
></TR
><TR
><TD CLASS="s8"
></TD
></TR
><TR
><TD CLASS="section4"
><IMG SRC="minus.gif" CLASS="coll" ONCLICK="toggle(this,'i:D')" ALT="show/hide"
> Instances</TD
></TR
><TR
><TD CLASS="body"
><DIV ID="i:D" STYLE="display:block;"
><TABLE CLASS="vanilla" CELLSPACING="1" CELLPADDING="0"
><TR
><TD CLASS="decl"
><A HREF="">D</A
> <A HREF="">Float</A
></TD
></TR
><TR
><TD CLASS="decl"
><A HREF="">D</A
> <A HREF="">Int</A
></TD
></TR
></TABLE
></DIV
></TD
></TR
></TABLE
></TD
></TR
><TR
><TD CLASS="s15"
></TD
></TR
><TR
><TD CLASS="decl"
><SPAN CLASS="keyword"
>class</SPAN
>  <A NAME="t:E"
><A NAME="t%3AE"
></A
></A
><B
>E</B
> a </TD
></TR
><TR
><TD CLASS="body"
><TABLE CLASS="vanilla" CELLSPACING="0" CELLPADDING="0"
><TR
><TD CLASS="ndoc"
>This is a class declaration with no methods (or no methods exported)
</TD
></TR
></TABLE
></TD
></TR
><TR
><TD CLASS="s15"
></TD
></TR
><TR
><TD CLASS="decl"
><SPAN CLASS="keyword"
>class</SPAN
>  <A NAME="t:F"
><A NAME="t%3AF"
></A
></A
><B
>F</B
> a  <SPAN CLASS="keyword"
>where</SPAN
></TD
></TR
><TR
><TD CLASS="body"
><TABLE CLASS="vanilla" CELLSPACING="0" CELLPADDING="0"
><TR
><TD CLASS="s8"
></TD
></TR
><TR
><TD CLASS="section4"
>Methods</TD
></TR
><TR
><TD CLASS="body"
><TABLE CLASS="vanilla" CELLSPACING="0" CELLPADDING="0"
><TR
><TD CLASS="decl"
><A NAME="v:ff"
><A NAME="v%3Aff"
></A
></A
><B
>ff</B
> :: a</TD
></TR
></TABLE
></TD
></TR
></TABLE
></TD
></TR
><TR
><TD CLASS="s15"
></TD
></TR
><TR
><TD CLASS="doc"
>Test that we can export a class method on its own:
</TD
></TR
><TR
><TD CLASS="s15"
></TD
></TR
><TR
><TD CLASS="section1"
><A NAME="5"
><A NAME="5"
>Function types
</A
></A
></TD
></TR
><TR
><TD CLASS="s15"
></TD
></TR
><TR
><TD CLASS="decl"
><A NAME="v:f"
><A NAME="v%3Af"
></A
></A
><B
>f</B
> :: <A HREF="">C</A
> a =&gt; a -&gt; <A HREF="">Int</A
></TD
></TR
><TR
><TD CLASS="doc"
><P
>In a comment string we can refer to identifiers in scope with
single quotes like this: <TT
><A HREF="">T</A
></TT
>, and we can refer to modules by
using double quotes: <A HREF="">Foo</A
>.  We can add emphasis <EM
>like this</EM
>.
</P
><UL
><LI
> This is a bulleted list
</LI
><LI
> This is the next item (different kind of bullet)
</LI
></UL
><OL
><LI
> This is an ordered list
</LI
></OL
><P
>2. This is the next item (different kind of bullet)
</P
><PRE
>
     This is a block of code, which can include other markup: <TT
><A HREF="">R</A
></TT
>
     formatting
               is
                 significant
</PRE
><PRE
> this is another block of code
</PRE
><P
>We can also include URLs in documentation: <A HREF="">http://www.haskell.org/</A
>.
</P
></TD
></TR
><TR
><TD CLASS="s15"
></TD
></TR
><TR
><TD CLASS="decl"
><A NAME="v:g"
><A NAME="v%3Ag"
></A
></A
><B
>g</B
> :: <A HREF="">Int</A
> -&gt; <A HREF="">IO</A
> CInt</TD
></TR
><TR
><TD CLASS="doc"
>we can export foreign declarations too
</TD
></TR
><TR
><TD CLASS="s15"
></TD
></TR
><TR
><TD CLASS="section1"
><A NAME="6"
><A NAME="6"
>Auxiliary stuff
</A
></A
></TD
></TR
><TR
><TD CLASS="s15"
></TD
></TR
><TR
><TD CLASS="doc"
><P
>This is some documentation that is attached to a name ($aux1)
 rather than a source declaration.  The documentation may be
 referred to in the export list using its name.
</P
><PRE
> code block in named doc</PRE
></TD
></TR
><TR
><TD CLASS="s15"
></TD
></TR
><TR
><TD CLASS="doc"
>This is some documentation that is attached to a name ($aux2)
</TD
></TR
><TR
><TD CLASS="s15"
></TD
></TR
><TR
><TD CLASS="doc"
><PRE
> code block on its own in named doc</PRE
></TD
></TR
><TR
><TD CLASS="s15"
></TD
></TR
><TR
><TD CLASS="doc"
><PRE
> code block on its own in named doc (after newline)</PRE
></TD
></TR
><TR
><TD CLASS="s15"
></TD
></TR
><TR
><TD CLASS="doc"
><P
>a nested, named doc comment
</P
><P
>with a paragraph,
</P
><PRE
> and a code block</PRE
></TD
></TR
><TR
><TD CLASS="s15"
></TD
></TR
><TR
><TD CLASS="doc"
><PRE
>test
test1
</PRE
><PRE
> test2
  test3
</PRE
></TD
></TR
><TR
><TD CLASS="s15"
></TD
></TR
><TR
><TD CLASS="doc"
><PRE
>
test1
test2
</PRE
></TD
></TR
><TR
><TD CLASS="s15"
></TD
></TR
><TR
><TD CLASS="doc"
><PRE
>test3
test4
</PRE
></TD
></TR
><TR
><TD CLASS="s15"
></TD
></TR
><TR
><TD CLASS="doc"
><PRE
>
test1
test2
</PRE
><PRE
>test3
test4
</PRE
></TD
></TR
><TR
><TD CLASS="s15"
></TD
></TR
><TR
><TD CLASS="doc"
><PRE
>test3
test4
</PRE
><PRE
>
test1
test2
</PRE
></TD
></TR
><TR
><TD CLASS="s15"
></TD
></TR
><TR
><TD CLASS="doc"
><P
>aux11:
</P
><PRE
>test3
test4
</PRE
><PRE
>
test1
test2
</PRE
></TD
></TR
><TR
><TD CLASS="s15"
></TD
></TR
><TR
><TD CLASS="doc"
><PRE
> foo
</PRE
><PRE
> bar
</PRE
></TD
></TR
><TR
><TD CLASS="s15"
></TD
></TR
><TR
><TD CLASS="doc"
><P
>This is some inline documentation in the export list
</P
><PRE
> a code block using bird-tracks
 each line must begin with &gt; (which isn't significant unless it
 is at the beginning of the line).
</PRE
></TD
></TR
><TR
><TD CLASS="s15"
></TD
></TR
><TR
><TD CLASS="section1"
><A NAME="7"
><A NAME="7"
>A hidden module
</A
></A
></TD
></TR
><TR
><TD CLASS="s15"
></TD
></TR
><TR
><TD CLASS="decl"
><A NAME="v:hidden"
><A NAME="v%3Ahidden"
></A
></A
><B
>hidden</B
> :: <A HREF="">Int</A
> -&gt; <A HREF="">Int</A
></TD
></TR
><TR
><TD CLASS="s15"
></TD
></TR
><TR
><TD CLASS="section1"
><A NAME="8"
><A NAME="8"
>A visible module
</A
></A
></TD
></TR
><TR
><TD CLASS="s15"
></TD
></TR
><TR
><TD CLASS="decl"
>module <A HREF="">Visible</A
></TD
></TR
><TR
><TD CLASS="s15"
></TD
></TR
><TR
><TD CLASS="doc"
>nested-style doc comments 
</TD
></TR
><TR
><TD CLASS="s15"
></TD
></TR
><TR
><TD CLASS="section1"
><A NAME="9"
><A NAME="9"
>Existential / Universal types
</A
></A
></TD
></TR
><TR
><TD CLASS="s15"
></TD
></TR
><TR
><TD CLASS="decl"
><SPAN CLASS="keyword"
>data</SPAN
>  <A NAME="t:Ex"
><A NAME="t%3AEx"
></A
></A
><B
>Ex</B
> a </TD
></TR
><TR
><TD CLASS="body"
><TABLE CLASS="vanilla" CELLSPACING="0" CELLPADDING="0"
><TR
><TD CLASS="ndoc"
>A data-type using existential/universal types
</TD
></TR
><TR
><TD CLASS="section4"
>Constructors</TD
></TR
><TR
><TD CLASS="body"
><TABLE CLASS="vanilla" CELLSPACING="1" CELLPADDING="0"
><TR
><TD CLASS="arg"
><SPAN CLASS="keyword"
>forall</SPAN
> b . <A HREF="">C</A
> b =&gt; <A NAME="v:Ex1"
><A NAME="v%3AEx1"
></A
></A
><B
>Ex1</B
> b</TD
><TD CLASS="rdoc"
></TD
></TR
><TR
><TD CLASS="arg"
><SPAN CLASS="keyword"
>forall</SPAN
> b . <A NAME="v:Ex2"
><A NAME="v%3AEx2"
></A
></A
><B
>Ex2</B
> b</TD
><TD CLASS="rdoc"
></TD
></TR
><TR
><TD CLASS="arg"
><SPAN CLASS="keyword"
>forall</SPAN
> b . <A HREF="">C</A
> a =&gt; <A NAME="v:Ex3"
><A NAME="v%3AEx3"
></A
></A
><B
>Ex3</B
> b</TD
><TD CLASS="rdoc"
></TD
></TR
><TR
><TD CLASS="arg"
><A NAME="v:Ex4"
><A NAME="v%3AEx4"
></A
></A
><B
>Ex4</B
> (<SPAN CLASS="keyword"
>forall</SPAN
> a.  a -&gt; a)</TD
><TD CLASS="rdoc"
></TD
></TR
></TABLE
></TD
></TR
></TABLE
></TD
></TR
><TR
><TD CLASS="s15"
></TD
></TR
><TR
><TD CLASS="section1"
><A NAME="10"
><A NAME="10"
>Type signatures with argument docs
</A
></A
></TD
></TR
><TR
><TD CLASS="s15"
></TD
></TR
><TR
><TD CLASS="decl"
><A NAME="v:k"
><A NAME="v%3Ak"
></A
></A
><B
>k</B
></TD
></TR
><TR
><TD CLASS="body"
><TABLE CLASS="vanilla" CELLSPACING="0" CELLPADDING="0"
><TR
><TD CLASS="arg"
>:: <A HREF="">T</A
> () ()</TD
><TD CLASS="rdoc"
>This argument has type <TT
><A HREF="">T</A
></TT
>
</TD
></TR
><TR
><TD CLASS="arg"
>-&gt; <A HREF="">T2</A
> <A HREF="">Int</A
> <A HREF="">Int</A
></TD
><TD CLASS="rdoc"
>This argument has type 'T2 Int Int'
</TD
></TR
><TR
><TD CLASS="arg"
>-&gt; <A HREF="">T3</A
> <A HREF="">Bool</A
> <A HREF="">Bool</A
> -&gt; <A HREF="">T4</A
> <A HREF="">Float</A
> <A HREF="">Float</A
></TD
><TD CLASS="rdoc"
>This argument has type <TT
>T3 Bool Bool -&gt; T4 Float Float</TT
>
</TD
></TR
><TR
><TD CLASS="arg"
>-&gt; <A HREF="">T5</A
> () ()</TD
><TD CLASS="rdoc"
>This argument has a very long description that should
 hopefully cause some wrapping to happen when it is finally
 rendered by Haddock in the generated HTML page.
</TD
></TR
><TR
><TD CLASS="arg"
>-&gt; <A HREF="">IO</A
> ()</TD
><TD CLASS="rdoc"
>This is the result type
</TD
></TR
><TR
><TD CLASS="ndoc" COLSPAN="2"
>This is a function with documentation for each argument
</TD
></TR
></TABLE
></TD
></TR
><TR
><TD CLASS="s15"
></TD
></TR
><TR
><TD CLASS="decl"
><A NAME="v:l"
><A NAME="v%3Al"
></A
></A
><B
>l</B
></TD
></TR
><TR
><TD CLASS="body"
><TABLE CLASS="vanilla" CELLSPACING="0" CELLPADDING="0"
><TR
><TD CLASS="arg"
>:: (<A HREF="">Int</A
>, <A HREF="">Int</A
>, <A HREF="">Float</A
>)</TD
><TD CLASS="rdoc"
>takes a triple
</TD
></TR
><TR
><TD CLASS="arg"
>-&gt; <A HREF="">Int</A
></TD
><TD CLASS="rdoc"
>returns an <TT
><A HREF="">Int</A
></TT
>
</TD
></TR
></TABLE
></TD
></TR
><TR
><TD CLASS="s15"
></TD
></TR
><TR
><TD CLASS="decl"
><A NAME="v:m"
><A NAME="v%3Am"
></A
></A
><B
>m</B
></TD
></TR
><TR
><TD CLASS="body"
><TABLE CLASS="vanilla" CELLSPACING="0" CELLPADDING="0"
><TR
><TD CLASS="arg"
>:: <A HREF="">R</A
></TD
><TD CLASS="rdoc"
></TD
></TR
><TR
><TD CLASS="arg"
>-&gt; <A HREF="">N1</A
> ()</TD
><TD CLASS="rdoc"
>one of the arguments
</TD
></TR
><TR
><TD CLASS="arg"
>-&gt; <A HREF="">IO</A
> <A HREF="">Int</A
></TD
><TD CLASS="rdoc"
>and the return value
</TD
></TR
><TR
><TD CLASS="ndoc" COLSPAN="2"
>This function has some arg docs 
</TD
></TR
></TABLE
></TD
></TR
><TR
><TD CLASS="s15"
></TD
></TR
><TR
><TD CLASS="decl"
><A NAME="v:o"
><A NAME="v%3Ao"
></A
></A
><B
>o</B
></TD
></TR
><TR
><TD CLASS="body"
><TABLE CLASS="vanilla" CELLSPACING="0" CELLPADDING="0"
><TR
><TD CLASS="arg"
>:: <A HREF="">Float</A
></TD
><TD CLASS="rdoc"
>The input float
</TD
></TR
><TR
><TD CLASS="arg"
>-&gt; <A HREF="">IO</A
> <A HREF="">Float</A
></TD
><TD CLASS="rdoc"
>The output float
</TD
></TR
><TR
><TD CLASS="ndoc" COLSPAN="2"
>A foreign import with argument docs
</TD
></TR
></TABLE
></TD
></TR
><TR
><TD CLASS="s15"
></TD
></TR
><TR
><TD CLASS="section1"
><A NAME="11"
><A NAME="11"
>A section
</A
></A
></TD
></TR
><TR
><TD CLASS="s15"
></TD
></TR
><TR
><TD CLASS="section2"
><A NAME="12"
><A NAME="12"
>A subsection 
</A
></A
></TD
></TR
><TR
><TD CLASS="s15"
></TD
></TR
><TR
><TD CLASS="doc"
><PRE
> a literal line
</PRE
><P
>$ a non <EM
>literal</EM
> line $
</P
></TD
></TR
><TR
><TD CLASS="s15"
></TD
></TR
><TR
><TD CLASS="decl"
><A NAME="v:f'"
><A NAME="v%3Af%27"
></A
></A
><B
>f'</B
> :: <A HREF="">Int</A
></TD
></TR
><TR
><TD CLASS="doc"
>a function with a prime can be referred to as <TT
><A HREF="">f'</A
></TT
> 
 but f' doesn't get link'd 'f\''
</TD
></TR
><TR
><TD CLASS="s15"
></TD
></TR
><TR
><TD CLASS="botbar"
>Produced by <A HREF="">Haddock</A
> version 2.5.0</TD
></TR
></TABLE
></BODY
></HTML
>
