<!DOCTYPE HTML PUBLIC "-//W3C//DTD HTML 4.01 Transitional//EN" "http://www.w3.org/TR/html4/loose.dtd">
<!--Rendered using the Haskell Html Library v0.2-->
<HTML
><HEAD
><META HTTP-EQUIV="Content-Type" CONTENT="text/html; charset=UTF-8"
><TITLE
>Bug6</TITLE
><LINK HREF="haddock.css" REL="stylesheet" TYPE="text/css"
><SCRIPT SRC="haddock.js" TYPE="text/javascript"
></SCRIPT
></HEAD
><BODY
><TABLE CLASS="vanilla" CELLSPACING="0" CELLPADDING="0"
><TR
><TD CLASS="topbar"
><TABLE CLASS="vanilla" CELLSPACING="0" CELLPADDING="0"
><TR
><TD
><IMG SRC="haskell_icon.gif" WIDTH="16" HEIGHT="16" ALT=" "
></TD
><TD CLASS="title"
></TD
><TD CLASS="topbut"
><A HREF="index.html"
>Contents</A
></TD
><TD CLASS="topbut"
><A HREF="doc-index.html"
>Index</A
></TD
></TR
></TABLE
></TD
></TR
><TR
><TD CLASS="modulebar"
><TABLE CLASS="vanilla" CELLSPACING="0" CELLPADDING="0"
><TR
><TD
><FONT SIZE="6"
>Bug6</FONT
></TD
></TR
></TABLE
></TD
></TR
><TR
><TD CLASS="s15"
></TD
></TR
><TR
><TD
><TABLE CLASS="vanilla" CELLSPACING="0" CELLPADDING="0"
></TABLE
></TD
></TR
><TR
><TD CLASS="s15"
></TD
></TR
><TR
><TD CLASS="section1"
>Description</TD
></TR
><TR
><TD CLASS="doc"
>Exporting records.
</TD
></TR
><TR
><TD CLASS="s15"
></TD
></TR
><TR
><TD CLASS="section1"
>Synopsis</TD
></TR
><TR
><TD CLASS="s15"
></TD
></TR
><TR
><TD CLASS="body"
><TABLE CLASS="vanilla" CELLSPACING="0" CELLPADDING="0"
><TR
><TD CLASS="decl"
><SPAN CLASS="keyword"
>data</SPAN
>  <A HREF="#t%3AA"
>A</A
>  = <A HREF="#v%3AA"
>A</A
> Int</TD
></TR
><TR
><TD CLASS="s8"
></TD
></TR
><TR
><TD CLASS="decl"
><SPAN CLASS="keyword"
>data</SPAN
>  <A HREF="#t%3AB"
>B</A
>  = <A HREF="#v%3AB"
>B</A
> {<TABLE CLASS="vanilla" CELLSPACING="0" CELLPADDING="0"
><TR
><TD CLASS="recfield"
><A HREF="#v%3Ab"
>b</A
> :: Int</TD
></TR
></TABLE
>}</TD
></TR
><TR
><TD CLASS="s8"
></TD
></TR
><TR
><TD CLASS="decl"
><A HREF="#v%3Ab"
>b</A
> :: <A HREF="Bug6.html#t%3AB"
>B</A
> -&gt; Int</TD
></TR
><TR
><TD CLASS="s8"
></TD
></TR
><TR
><TD CLASS="decl"
><SPAN CLASS="keyword"
>data</SPAN
>  <A HREF="#t%3AC"
>C</A
>  = <A HREF="#v%3AC"
>C</A
> {<TABLE CLASS="vanilla" CELLSPACING="0" CELLPADDING="0"
><TR
><TD CLASS="recfield"
><A HREF="#v%3Ac1"
>c1</A
> :: Int</TD
></TR
><TR
><TD CLASS="recfield"
><A HREF="#v%3Ac2"
>c2</A
> :: Int</TD
></TR
></TABLE
>}</TD
></TR
><TR
><TD CLASS="s8"
></TD
></TR
><TR
><TD CLASS="decl"
><SPAN CLASS="keyword"
>data</SPAN
>  <A HREF="#t%3AD"
>D</A
>  = <A HREF="#v%3AD"
>D</A
> Int Int</TD
></TR
><TR
><TD CLASS="s8"
></TD
></TR
><TR
><TD CLASS="decl"
><SPAN CLASS="keyword"
>newtype</SPAN
>  <A HREF="#t%3AE"
>E</A
>  = <A HREF="#v%3AE"
>E</A
> Int</TD
></TR
></TABLE
></TD
></TR
><TR
><TD CLASS="s15"
></TD
></TR
><TR
><TD CLASS="section1"
>Documentation</TD
></TR
><TR
><TD CLASS="s15"
></TD
></TR
><TR
><TD CLASS="decl"
><SPAN CLASS="keyword"
>data</SPAN
>  <A NAME="t%3AA"
></A
><B
>A</B
>  </TD
></TR
><TR
><TD CLASS="body"
><TABLE CLASS="vanilla" CELLSPACING="0" CELLPADDING="0"
><TR
><TD CLASS="ndoc"
>This record is exported without its field
</TD
></TR
><TR
><TD CLASS="section4"
>Constructors</TD
></TR
><TR
><TD CLASS="body"
><TABLE CLASS="vanilla" CELLSPACING="1" CELLPADDING="0"
><TR
><TD CLASS="arg"
><A NAME="v%3AA"
></A
><B
>A</B
> Int</TD
><TD CLASS="rdoc"
></TD
></TR
></TABLE
></TD
></TR
></TABLE
></TD
></TR
><TR
><TD CLASS="s15"
></TD
></TR
><TR
><TD CLASS="decl"
><SPAN CLASS="keyword"
>data</SPAN
>  <A NAME="t%3AB"
></A
><B
>B</B
>  </TD
></TR
><TR
><TD CLASS="body"
><TABLE CLASS="vanilla" CELLSPACING="0" CELLPADDING="0"
><TR
><TD CLASS="ndoc"
>.. with its field, but the field is named separately in the export list
 (should still be visible as a field name)
</TD
></TR
><TR
><TD CLASS="section4"
>Constructors</TD
></TR
><TR
><TD CLASS="body"
><TABLE CLASS="vanilla" CELLSPACING="5" CELLPADDING="0"
><TR
><TD CLASS="arg"
><A NAME="v%3AB"
></A
><B
>B</B
></TD
><TD CLASS="rdoc"
></TD
></TR
><TR
><TD CLASS="body" COLSPAN="2"
><TABLE CLASS="vanilla" CELLSPACING="1" CELLPADDING="0"
><TR
><TD CLASS="arg"
><A NAME="v%3Ab"
></A
><B
>b</B
> :: Int</TD
><TD CLASS="rdoc"
></TD
></TR
></TABLE
></TD
></TR
></TABLE
></TD
></TR
></TABLE
></TD
></TR
><TR
><TD CLASS="s15"
></TD
></TR
><TR
><TD CLASS="decl"
><A NAME="v%3Ab"
></A
><B
>b</B
> :: <A HREF="Bug6.html#t%3AB"
>B</A
> -&gt; Int</TD
></TR
><TR
><TD CLASS="s15"
></TD
></TR
><TR
><TD CLASS="decl"
><SPAN CLASS="keyword"
>data</SPAN
>  <A NAME="t%3AC"
></A
><B
>C</B
>  </TD
></TR
><TR
><TD CLASS="body"
><TABLE CLASS="vanilla" CELLSPACING="0" CELLPADDING="0"
><TR
><TD CLASS="ndoc"
>.. with fields names as subordinate names in the export
</TD
></TR
><TR
><TD CLASS="section4"
>Constructors</TD
></TR
><TR
><TD CLASS="body"
><TABLE CLASS="vanilla" CELLSPACING="5" CELLPADDING="0"
><TR
><TD CLASS="arg"
><A NAME="v%3AC"
></A
><B
>C</B
></TD
><TD CLASS="rdoc"
></TD
></TR
><TR
><TD CLASS="body" COLSPAN="2"
><TABLE CLASS="vanilla" CELLSPACING="1" CELLPADDING="0"
><TR
><TD CLASS="arg"
><A NAME="v%3Ac1"
></A
><B
>c1</B
> :: Int</TD
><TD CLASS="rdoc"
></TD
></TR
><TR
><TD CLASS="arg"
><A NAME="v%3Ac2"
></A
><B
>c2</B
> :: Int</TD
><TD CLASS="rdoc"
></TD
></TR
></TABLE
></TD
></TR
></TABLE
></TD
></TR
></TABLE
></TD
></TR
><TR
><TD CLASS="s15"
></TD
></TR
><TR
><TD CLASS="decl"
><SPAN CLASS="keyword"
>data</SPAN
>  <A NAME="t%3AD"
></A
><B
>D</B
>  </TD
></TR
><TR
><TD CLASS="body"
><TABLE CLASS="vanilla" CELLSPACING="0" CELLPADDING="0"
><TR
><TD CLASS="ndoc"
>.. with only some of the fields exported (we can't handle this one -
 how do we render the declaration?)
</TD
></TR
><TR
><TD CLASS="section4"
>Constructors</TD
></TR
><TR
><TD CLASS="body"
><TABLE CLASS="vanilla" CELLSPACING="1" CELLPADDING="0"
><TR
><TD CLASS="arg"
><A NAME="v%3AD"
></A
><B
>D</B
> Int Int</TD
><TD CLASS="rdoc"
></TD
></TR
></TABLE
></TD
></TR
></TABLE
></TD
></TR
><TR
><TD CLASS="s15"
></TD
></TR
><TR
><TD CLASS="decl"
><SPAN CLASS="keyword"
>newtype</SPAN
>  <A NAME="t%3AE"
></A
><B
>E</B
>  </TD
></TR
><TR
><TD CLASS="body"
><TABLE CLASS="vanilla" CELLSPACING="0" CELLPADDING="0"
><TR
><TD CLASS="ndoc"
>a newtype with a field
</TD
></TR
><TR
><TD CLASS="section4"
>Constructors</TD
></TR
><TR
><TD CLASS="body"
><TABLE CLASS="vanilla" CELLSPACING="1" CELLPADDING="0"
><TR
><TD CLASS="arg"
><A NAME="v%3AE"
></A
><B
>E</B
> Int</TD
><TD CLASS="rdoc"
></TD
></TR
></TABLE
></TD
></TR
></TABLE
></TD
></TR
><TR
><TD CLASS="s15"
></TD
></TR
><TR
><TD CLASS="botbar"
>Produced by <A HREF="http://www.haskell.org/haddock/"
>Haddock</A
> version 2.0</TD
></TR
></TABLE
></BODY
></HTML
>
