<!DOCTYPE HTML PUBLIC "-//W3C//DTD HTML 4.01 Transitional//EN" "http://www.w3.org/TR/html4/loose.dtd">
<!--Rendered using the Haskell Html Library v0.2-->
<HTML
><HEAD
><META HTTP-EQUIV="Content-Type" CONTENT="text/html; charset=UTF-8"
><TITLE
>Bug8</TITLE
><LINK HREF="haddock.css" REL="stylesheet" TYPE="text/css"
><SCRIPT SRC="haddock.js" TYPE="text/javascript"
></SCRIPT
></HEAD
><BODY
><TABLE CLASS="vanilla" CELLSPACING="0" CELLPADDING="0"
><TR
><TD CLASS="topbar"
><TABLE CLASS="vanilla" CELLSPACING="0" CELLPADDING="0"
><TR
><TD
><IMG SRC="haskell_icon.gif" WIDTH="16" HEIGHT="16" ALT=" "
></TD
><TD CLASS="title"
></TD
><TD CLASS="topbut"
><A HREF="index.html"
>Contents</A
></TD
><TD CLASS="topbut"
><A HREF="doc-index.html"
>Index</A
></TD
></TR
></TABLE
></TD
></TR
><TR
><TD CLASS="modulebar"
><TABLE CLASS="vanilla" CELLSPACING="0" CELLPADDING="0"
><TR
><TD
><FONT SIZE="6"
>Bug8</FONT
></TD
></TR
></TABLE
></TD
></TR
><TR
><TD CLASS="s15"
></TD
></TR
><TR
><TD
><TABLE CLASS="vanilla" CELLSPACING="0" CELLPADDING="0"
></TABLE
></TD
></TR
><TR
><TD CLASS="s15"
></TD
></TR
><TR
><TD CLASS="s15"
></TD
></TR
><TR
><TD CLASS="s15"
></TD
></TR
><TR
><TD CLASS="section1"
>Documentation</TD
></TR
><TR
><TD CLASS="s15"
></TD
></TR
><TR
><TD CLASS="decl"
><SPAN CLASS="keyword"
>data</SPAN
>  <A NAME="t%3ATyp"
></A
><B
>Typ</B
>  </TD
></TR
><TR
><TD CLASS="body"
><TABLE CLASS="vanilla" CELLSPACING="0" CELLPADDING="0"
><TR
><TD CLASS="section4"
>Constructors</TD
></TR
><TR
><TD CLASS="body"
><TABLE CLASS="vanilla" CELLSPACING="1" CELLPADDING="0"
><TR
><TD CLASS="arg"
><A NAME="v%3AType"
></A
><B
>Type</B
> (String, [<A HREF="Bug8.html#t%3ATyp"
>Typ</A
>])</TD
><TD CLASS="rdoc"
></TD
></TR
><TR
><TD CLASS="arg"
><A NAME="v%3ATFree"
></A
><B
>TFree</B
> (String, [String])</TD
><TD CLASS="rdoc"
></TD
></TR
></TABLE
></TD
></TR
></TABLE
></TD
></TR
><TR
><TD CLASS="s15"
></TD
></TR
><TR
><TD CLASS="botbar"
>Produced by <A HREF="http://www.haskell.org/haddock/"
>Haddock</A
> version 2.0</TD
></TR
></TABLE
></BODY
></HTML
>
